Archive member included to satisfy reference by file (symbol)

c:/program files (x86)/gnu tools arm embedded/5.2 2015q4/bin/../lib/gcc/arm-none-eabi/5.2.1/../../../../arm-none-eabi/lib/armv7e-m/softfp/fpv5-sp-d16\libg.a(lib_a-exit.o)
                              c:/program files (x86)/gnu tools arm embedded/5.2 2015q4/bin/../lib/gcc/arm-none-eabi/5.2.1/../../../../arm-none-eabi/lib/armv7e-m/softfp/fpv5-sp-d16/crt0.o (exit)
c:/program files (x86)/gnu tools arm embedded/5.2 2015q4/bin/../lib/gcc/arm-none-eabi/5.2.1/../../../../arm-none-eabi/lib/armv7e-m/softfp/fpv5-sp-d16\libg.a(lib_a-impure.o)
                              c:/program files (x86)/gnu tools arm embedded/5.2 2015q4/bin/../lib/gcc/arm-none-eabi/5.2.1/../../../../arm-none-eabi/lib/armv7e-m/softfp/fpv5-sp-d16\libg.a(lib_a-exit.o) (_global_impure_ptr)
c:/program files (x86)/gnu tools arm embedded/5.2 2015q4/bin/../lib/gcc/arm-none-eabi/5.2.1/../../../../arm-none-eabi/lib/armv7e-m/softfp/fpv5-sp-d16\libg.a(lib_a-init.o)
                              c:/program files (x86)/gnu tools arm embedded/5.2 2015q4/bin/../lib/gcc/arm-none-eabi/5.2.1/../../../../arm-none-eabi/lib/armv7e-m/softfp/fpv5-sp-d16/crt0.o (__libc_init_array)
c:/program files (x86)/gnu tools arm embedded/5.2 2015q4/bin/../lib/gcc/arm-none-eabi/5.2.1/../../../../arm-none-eabi/lib/armv7e-m/softfp/fpv5-sp-d16\libg.a(lib_a-malloc.o)
                              bin/obj/usbd_cdc.o (malloc)
c:/program files (x86)/gnu tools arm embedded/5.2 2015q4/bin/../lib/gcc/arm-none-eabi/5.2.1/../../../../arm-none-eabi/lib/armv7e-m/softfp/fpv5-sp-d16\libg.a(lib_a-mallocr.o)
                              c:/program files (x86)/gnu tools arm embedded/5.2 2015q4/bin/../lib/gcc/arm-none-eabi/5.2.1/../../../../arm-none-eabi/lib/armv7e-m/softfp/fpv5-sp-d16\libg.a(lib_a-malloc.o) (_malloc_r)
c:/program files (x86)/gnu tools arm embedded/5.2 2015q4/bin/../lib/gcc/arm-none-eabi/5.2.1/../../../../arm-none-eabi/lib/armv7e-m/softfp/fpv5-sp-d16\libg.a(lib_a-memcpy.o)
                              bin/obj/cmd.o (memcpy)
c:/program files (x86)/gnu tools arm embedded/5.2 2015q4/bin/../lib/gcc/arm-none-eabi/5.2.1/../../../../arm-none-eabi/lib/armv7e-m/softfp/fpv5-sp-d16\libg.a(lib_a-memset.o)
                              c:/program files (x86)/gnu tools arm embedded/5.2 2015q4/bin/../lib/gcc/arm-none-eabi/5.2.1/../../../../arm-none-eabi/lib/armv7e-m/softfp/fpv5-sp-d16/crt0.o (memset)
c:/program files (x86)/gnu tools arm embedded/5.2 2015q4/bin/../lib/gcc/arm-none-eabi/5.2.1/../../../../arm-none-eabi/lib/armv7e-m/softfp/fpv5-sp-d16\libg.a(lib_a-mlock.o)
                              c:/program files (x86)/gnu tools arm embedded/5.2 2015q4/bin/../lib/gcc/arm-none-eabi/5.2.1/../../../../arm-none-eabi/lib/armv7e-m/softfp/fpv5-sp-d16\libg.a(lib_a-mallocr.o) (__malloc_lock)
c:/program files (x86)/gnu tools arm embedded/5.2 2015q4/bin/../lib/gcc/arm-none-eabi/5.2.1/../../../../arm-none-eabi/lib/armv7e-m/softfp/fpv5-sp-d16\libg.a(lib_a-reent.o)
                              bin/obj/syscalls.o (errno)
c:/program files (x86)/gnu tools arm embedded/5.2 2015q4/bin/../lib/gcc/arm-none-eabi/5.2.1/../../../../arm-none-eabi/lib/armv7e-m/softfp/fpv5-sp-d16\libg.a(lib_a-sbrkr.o)
                              c:/program files (x86)/gnu tools arm embedded/5.2 2015q4/bin/../lib/gcc/arm-none-eabi/5.2.1/../../../../arm-none-eabi/lib/armv7e-m/softfp/fpv5-sp-d16\libg.a(lib_a-mallocr.o) (_sbrk_r)
c:/program files (x86)/gnu tools arm embedded/5.2 2015q4/bin/../lib/gcc/arm-none-eabi/5.2.1/../../../../arm-none-eabi/lib/armv7e-m/softfp/fpv5-sp-d16\libg.a(lib_a-vsnprintf.o)
                              bin/obj/vcp.o (vsnprintf)
c:/program files (x86)/gnu tools arm embedded/5.2 2015q4/bin/../lib/gcc/arm-none-eabi/5.2.1/../../../../arm-none-eabi/lib/armv7e-m/softfp/fpv5-sp-d16\libg.a(lib_a-__call_atexit.o)
                              c:/program files (x86)/gnu tools arm embedded/5.2 2015q4/bin/../lib/gcc/arm-none-eabi/5.2.1/../../../../arm-none-eabi/lib/armv7e-m/softfp/fpv5-sp-d16\libg.a(lib_a-exit.o) (__call_exitprocs)
c:/program files (x86)/gnu tools arm embedded/5.2 2015q4/bin/../lib/gcc/arm-none-eabi/5.2.1/../../../../arm-none-eabi/lib/armv7e-m/softfp/fpv5-sp-d16\libg.a(lib_a-atexit.o)
                              c:/program files (x86)/gnu tools arm embedded/5.2 2015q4/bin/../lib/gcc/arm-none-eabi/5.2.1/../../../../arm-none-eabi/lib/armv7e-m/softfp/fpv5-sp-d16\libg.a(lib_a-__call_atexit.o) (atexit)
c:/program files (x86)/gnu tools arm embedded/5.2 2015q4/bin/../lib/gcc/arm-none-eabi/5.2.1/../../../../arm-none-eabi/lib/armv7e-m/softfp/fpv5-sp-d16\libg.a(lib_a-fini.o)
                              c:/program files (x86)/gnu tools arm embedded/5.2 2015q4/bin/../lib/gcc/arm-none-eabi/5.2.1/../../../../arm-none-eabi/lib/armv7e-m/softfp/fpv5-sp-d16\libg.a(lib_a-__call_atexit.o) (__libc_fini_array)
[...]
Memory Configuration

Name             Origin             Length             Attributes
FLASH            0x08000000         0x00010000         xr
Memory1          0x20000000         0x000000a0         xrw
Memory2          0x200000a0         0x000000a0         xrw
Memory3          0x20000140         0x00001dc4         xrw
Memory4          0x20001f04         0x00001dc4         xrw
RAM1             0x20003cc8         0x00006024         xrw
RAM2             0x20009cec         0x00007800         xrw
RAM              0x200114ec         0x0003eb14         xrw
QSPI             0x90000000         0x01000000         xr
*default*        0x00000000         0xffffffff

Linker script and memory map

LOAD c:/program files (x86)/gnu tools arm embedded/5.2 2015q4/bin/../lib/gcc/arm-none-eabi/5.2.1/armv7e-m/softfp/fpv5-sp-d16/crti.o
LOAD c:/program files (x86)/gnu tools arm embedded/5.2 2015q4/bin/../lib/gcc/arm-none-eabi/5.2.1/armv7e-m/softfp/fpv5-sp-d16/crtbegin.o
LOAD c:/program files (x86)/gnu tools arm embedded/5.2 2015q4/bin/../lib/gcc/arm-none-eabi/5.2.1/../../../../arm-none-eabi/lib/armv7e-m/softfp/fpv5-sp-d16/crt0.o
LOAD C:\Users\IDONNO~1\AppData\Local\Temp\cc6HGpI5.o
LOAD bin/obj/cmd.o
LOAD bin/obj/bsp.o
LOAD bin/obj/button.o
LOAD bin/obj/led.o
LOAD bin/obj/usbd_cdc.o
LOAD bin/obj/usbd_cdc_interface.o
LOAD bin/obj/usbd_conf.o
LOAD bin/obj/usbd_desc.o
LOAD bin/obj/stm32f7xx_it.o
LOAD bin/obj/syscalls.o
LOAD bin/obj/system_clock.o
LOAD bin/obj/system_stm32f7xx.o
LOAD bin/obj/delay.o
LOAD bin/obj/flash.o
LOAD bin/obj/hal.o
LOAD bin/obj/msg.o
LOAD bin/obj/util.o
LOAD bin/obj/vcp.o
LOAD bin/obj/stm32f7xx_hal.o
LOAD bin/obj/stm32f7xx_hal_adc.o
LOAD bin/obj/stm32f7xx_hal_adc_ex.o
LOAD bin/obj/stm32f7xx_hal_can.o
LOAD bin/obj/stm32f7xx_hal_cec.o
LOAD bin/obj/stm32f7xx_hal_cortex.o
LOAD bin/obj/stm32f7xx_hal_crc.o
LOAD bin/obj/stm32f7xx_hal_crc_ex.o
LOAD bin/obj/stm32f7xx_hal_cryp.o
LOAD bin/obj/stm32f7xx_hal_cryp_ex.o
LOAD bin/obj/stm32f7xx_hal_dac.o
LOAD bin/obj/stm32f7xx_hal_dac_ex.o
LOAD bin/obj/stm32f7xx_hal_dcmi.o
LOAD bin/obj/stm32f7xx_hal_dcmi_ex.o
LOAD bin/obj/stm32f7xx_hal_dma.o
LOAD bin/obj/stm32f7xx_hal_dma2d.o
LOAD bin/obj/stm32f7xx_hal_dma_ex.o
LOAD bin/obj/stm32f7xx_hal_eth.o
LOAD bin/obj/stm32f7xx_hal_flash.o
LOAD bin/obj/stm32f7xx_hal_flash_ex.o
LOAD bin/obj/stm32f7xx_hal_gpio.o
LOAD bin/obj/stm32f7xx_hal_hash.o
LOAD bin/obj/stm32f7xx_hal_hash_ex.o
LOAD bin/obj/stm32f7xx_hal_hcd.o
LOAD bin/obj/stm32f7xx_hal_i2c.o
LOAD bin/obj/stm32f7xx_hal_i2c_ex.o
LOAD bin/obj/stm32f7xx_hal_i2s.o
LOAD bin/obj/stm32f7xx_hal_irda.o
LOAD bin/obj/stm32f7xx_hal_iwdg.o
LOAD bin/obj/stm32f7xx_hal_lptim.o
LOAD bin/obj/stm32f7xx_hal_ltdc.o
LOAD bin/obj/stm32f7xx_hal_msp_template.o
LOAD bin/obj/stm32f7xx_hal_nand.o
LOAD bin/obj/stm32f7xx_hal_nor.o
LOAD bin/obj/stm32f7xx_hal_pcd.o
LOAD bin/obj/stm32f7xx_hal_pcd_ex.o
LOAD bin/obj/stm32f7xx_hal_pwr.o
LOAD bin/obj/stm32f7xx_hal_pwr_ex.o
LOAD bin/obj/stm32f7xx_hal_qspi.o
LOAD bin/obj/stm32f7xx_hal_rcc.o
LOAD bin/obj/stm32f7xx_hal_rcc_ex.o
LOAD bin/obj/stm32f7xx_hal_rng.o
LOAD bin/obj/stm32f7xx_hal_rtc.o
LOAD bin/obj/stm32f7xx_hal_rtc_ex.o
LOAD bin/obj/stm32f7xx_hal_sai.o
LOAD bin/obj/stm32f7xx_hal_sai_ex.o
LOAD bin/obj/stm32f7xx_hal_sd.o
LOAD bin/obj/stm32f7xx_hal_sdram.o
LOAD bin/obj/stm32f7xx_hal_smartcard.o
LOAD bin/obj/stm32f7xx_hal_smartcard_ex.o
LOAD bin/obj/stm32f7xx_hal_spdifrx.o
LOAD bin/obj/stm32f7xx_hal_spi.o
LOAD bin/obj/stm32f7xx_hal_sram.o
LOAD bin/obj/stm32f7xx_hal_tim.o
LOAD bin/obj/stm32f7xx_hal_tim_ex.o
LOAD bin/obj/stm32f7xx_hal_uart.o
LOAD bin/obj/stm32f7xx_hal_usart.o
LOAD bin/obj/stm32f7xx_hal_wwdg.o
LOAD bin/obj/stm32f7xx_ll_fmc.o
LOAD bin/obj/stm32f7xx_ll_sdmmc.o
LOAD bin/obj/stm32f7xx_ll_usb.o
LOAD bin/obj/usbd_core.o
LOAD bin/obj/usbd_ctlreq.o
LOAD bin/obj/usbd_ioreq.o
LOAD bin/obj/startup_stm32f746xx.o
START GROUP
LOAD c:/program files (x86)/gnu tools arm embedded/5.2 2015q4/bin/../lib/gcc/arm-none-eabi/5.2.1/armv7e-m/softfp/fpv5-sp-d16\libgcc.a
LOAD c:/program files (x86)/gnu tools arm embedded/5.2 2015q4/bin/../lib/gcc/arm-none-eabi/5.2.1/../../../../arm-none-eabi/lib/armv7e-m/softfp/fpv5-sp-d16\libg.a
LOAD c:/program files (x86)/gnu tools arm embedded/5.2 2015q4/bin/../lib/gcc/arm-none-eabi/5.2.1/../../../../arm-none-eabi/lib/armv7e-m/softfp/fpv5-sp-d16\libc.a
END GROUP
LOAD c:/program files (x86)/gnu tools arm embedded/5.2 2015q4/bin/../lib/gcc/arm-none-eabi/5.2.1/armv7e-m/softfp/fpv5-sp-d16/crtend.o
LOAD c:/program files (x86)/gnu tools arm embedded/5.2 2015q4/bin/../lib/gcc/arm-none-eabi/5.2.1/armv7e-m/softfp/fpv5-sp-d16/crtn.o
                0x2004ffff                _estack = 0x2004ffff
                0x00002000                _Min_Heap_Size = 0x2000
                0x00002800                _Min_Stack_Size = 0x2800

.isr_vector     0x08000000      0x1c8
                0x08000000                . = ALIGN (0x4)
 *(.isr_vector)
 .isr_vector    0x08000000      0x1c8 bin/obj/startup_stm32f746xx.o
                0x08000000                g_pfnVectors
                0x080001c8                . = ALIGN (0x4)

.text           0x080001c8     0x4eb4
                0x080001c8                . = ALIGN (0x4)
 *(.text)
 .text          0x080001c8       0xa4 c:/program files (x86)/gnu tools arm embedded/5.2 2015q4/bin/../lib/gcc/arm-none-eabi/5.2.1/armv7e-m/softfp/fpv5-sp-d16/crtbegin.o
 .text          0x0800026c      0x134 c:/program files (x86)/gnu tools arm embedded/5.2 2015q4/bin/../lib/gcc/arm-none-eabi/5.2.1/../../../../arm-none-eabi/lib/armv7e-m/softfp/fpv5-sp-d16\libg.a(lib_a-memcpy.o)
                0x0800026c                memcpy
 *(.text*)
 .text.msg_process_vcp
                0x080003a0       0x8c C:\Users\IDONNO~1\AppData\Local\Temp\cc6HGpI5.o
                0x080003a0                msg_process_vcp
 .text.startup.main
                0x0800042c       0x30 C:\Users\IDONNO~1\AppData\Local\Temp\cc6HGpI5.o
                0x0800042c                main
 .text.resp_ack
                0x0800045c      0x118 bin/obj/cmd.o
                0x0800045c                resp_ack
 .text.cmd_read_version
                0x08000574       0x84 bin/obj/cmd.o
                0x08000574                cmd_read_version
 .text.cmd_flash_fw_send_block
                0x080005f8       0x6c bin/obj/cmd.o
                0x080005f8                cmd_flash_fw_send_block
 .text.cmd_flash_fw_write_begin
                0x08000664       0x58 bin/obj/cmd.o
                0x08000664                cmd_flash_fw_write_begin
 .text.cmd_flash_fw_write_end
                0x080006bc       0x70 bin/obj/cmd.o
                0x080006bc                cmd_flash_fw_write_end
 .text.cmd_flash_fw_write_block
                0x0800072c       0x60 bin/obj/cmd.o
                0x0800072c                cmd_flash_fw_write_block
 .text.cmd_flash_fw_erase
                0x0800078c       0x54 bin/obj/cmd.o
                0x0800078c                cmd_flash_fw_erase
 .text.cmd_flash_fw_verify
                0x080007e0       0x48 bin/obj/cmd.o
                0x080007e0                cmd_flash_fw_verify
 .text.cmd_flash_fw_req_block
                0x08000828       0x44 bin/obj/cmd.o
                0x08000828                cmd_flash_fw_req_block
 .text.cmd_flash_fw_read_block
                0x0800086c       0x4c bin/obj/cmd.o
                0x0800086c                cmd_flash_fw_read_block
 .text.cmd_jump_to_fw
                0x080008b8       0x48 bin/obj/cmd.o
                0x080008b8                cmd_jump_to_fw
 .text.bsp_init
                0x08000900       0x78 bin/obj/bsp.o
                0x08000900                bsp_init
 .text.button_init
                0x08000978        0x4 bin/obj/button.o
                0x08000978                button_init
 .text.led_init
                0x0800097c       0x50 bin/obj/led.o
                0x0800097c                led_init
 .text.led_toggle
                0x080009cc       0x18 bin/obj/led.o
                0x080009cc                led_toggle
 .text.USBD_CDC_DataIn
                0x080009e4       0x14 bin/obj/usbd_cdc.o
 .text.USBD_CDC_EP0_RxReady
                0x080009f8       0x28 bin/obj/usbd_cdc.o
 .text.USBD_CDC_GetFSCfgDesc
                0x08000a20        0xc bin/obj/usbd_cdc.o
 .text.USBD_CDC_GetHSCfgDesc
                0x08000a2c        0xc bin/obj/usbd_cdc.o
 .text.USBD_CDC_GetOtherSpeedCfgDesc
                0x08000a38        0xc bin/obj/usbd_cdc.o
 .text.USBD_CDC_GetDeviceQualifierDescriptor
                0x08000a44        0xc bin/obj/usbd_cdc.o
                0x08000a44                USBD_CDC_GetDeviceQualifierDescriptor
 .text.USBD_CDC_DataOut
                0x08000a50       0x30 bin/obj/usbd_cdc.o
 .text.USBD_CDC_Setup
                0x08000a80       0x70 bin/obj/usbd_cdc.o
 .text.USBD_CDC_DeInit
                0x08000af0       0x3c bin/obj/usbd_cdc.o
 .text.USBD_CDC_Init
                0x08000b2c       0x90 bin/obj/usbd_cdc.o
 .text.USBD_CDC_RegisterInterface
                0x08000bbc       0x10 bin/obj/usbd_cdc.o
                0x08000bbc                USBD_CDC_RegisterInterface
 .text.USBD_CDC_SetTxBuffer
                0x08000bcc       0x10 bin/obj/usbd_cdc.o
                0x08000bcc                USBD_CDC_SetTxBuffer
 .text.USBD_CDC_SetRxBuffer
                0x08000bdc        0xc bin/obj/usbd_cdc.o
                0x08000bdc                USBD_CDC_SetRxBuffer
 .text.USBD_CDC_TransmitPacket
                0x08000be8       0x30 bin/obj/usbd_cdc.o
                0x08000be8                USBD_CDC_TransmitPacket
 .text.USBD_CDC_ReceivePacket
                0x08000c18       0x30 bin/obj/usbd_cdc.o
                0x08000c18                USBD_CDC_ReceivePacket
 .text.CDC_Itf_DeInit
                0x08000c48        0x4 bin/obj/usbd_cdc_interface.o
 .text.CDC_Itf_Receive
                0x08000c4c       0x54 bin/obj/usbd_cdc_interface.o
 .text.CDC_Itf_Init
                0x08000ca0       0x50 bin/obj/usbd_cdc_interface.o
 .text.CDC_Itf_Control
                0x08000cf0       0x54 bin/obj/usbd_cdc_interface.o
 .text.HAL_TIM_PeriodElapsedCallback
                0x08000d44       0x70 bin/obj/usbd_cdc_interface.o
                0x08000d44                HAL_TIM_PeriodElapsedCallback
 .text.CDC_Itf_Write
                0x08000db4       0x9c bin/obj/usbd_cdc_interface.o
                0x08000db4                CDC_Itf_Write
 .text.CDC_Itf_IsAvailable
                0x08000e50       0x18 bin/obj/usbd_cdc_interface.o
                0x08000e50                CDC_Itf_IsAvailable
 .text.CDC_Itf_Getch
                0x08000e68       0x3c bin/obj/usbd_cdc_interface.o
                0x08000e68                CDC_Itf_Getch
 .text.HAL_PCD_MspInit
                0x08000ea4      0x200 bin/obj/usbd_conf.o
                0x08000ea4                HAL_PCD_MspInit
 .text.HAL_PCD_SetupStageCallback
                0x080010a4        0xc bin/obj/usbd_conf.o
                0x080010a4                HAL_PCD_SetupStageCallback
 .text.HAL_PCD_DataOutStageCallback
                0x080010b0       0x14 bin/obj/usbd_conf.o
                0x080010b0                HAL_PCD_DataOutStageCallback
 .text.HAL_PCD_DataInStageCallback
                0x080010c4       0x14 bin/obj/usbd_conf.o
                0x080010c4                HAL_PCD_DataInStageCallback
 .text.HAL_PCD_SOFCallback
                0x080010d8        0x8 bin/obj/usbd_conf.o
                0x080010d8                HAL_PCD_SOFCallback
 .text.HAL_PCD_ResetCallback
                0x080010e0       0x24 bin/obj/usbd_conf.o
                0x080010e0                HAL_PCD_ResetCallback
 .text.HAL_PCD_SuspendCallback
                0x08001104        0x8 bin/obj/usbd_conf.o
                0x08001104                HAL_PCD_SuspendCallback
 .text.HAL_PCD_ResumeCallback
                0x0800110c        0x8 bin/obj/usbd_conf.o
                0x0800110c                HAL_PCD_ResumeCallback
 .text.HAL_PCD_ISOOUTIncompleteCallback
                0x08001114        0x8 bin/obj/usbd_conf.o
                0x08001114                HAL_PCD_ISOOUTIncompleteCallback
 .text.HAL_PCD_ISOINIncompleteCallback
                0x0800111c        0x8 bin/obj/usbd_conf.o
                0x0800111c                HAL_PCD_ISOINIncompleteCallback
 .text.HAL_PCD_ConnectCallback
                0x08001124        0x8 bin/obj/usbd_conf.o
                0x08001124                HAL_PCD_ConnectCallback
 .text.HAL_PCD_DisconnectCallback
                0x0800112c        0x8 bin/obj/usbd_conf.o
                0x0800112c                HAL_PCD_DisconnectCallback
 .text.USBD_LL_Init
                0x08001134       0x58 bin/obj/usbd_conf.o
                0x08001134                USBD_LL_Init
 .text.USBD_LL_Start
                0x0800118c       0x10 bin/obj/usbd_conf.o
                0x0800118c                USBD_LL_Start
 .text.USBD_LL_OpenEP
                0x0800119c       0x14 bin/obj/usbd_conf.o
                0x0800119c                USBD_LL_OpenEP
 .text.USBD_LL_CloseEP
                0x080011b0       0x10 bin/obj/usbd_conf.o
                0x080011b0                USBD_LL_CloseEP
 .text.USBD_LL_StallEP
                0x080011c0       0x10 bin/obj/usbd_conf.o
                0x080011c0                USBD_LL_StallEP
 .text.USBD_LL_ClearStallEP
                0x080011d0       0x10 bin/obj/usbd_conf.o
                0x080011d0                USBD_LL_ClearStallEP
 .text.USBD_LL_IsStallEP
                0x080011e0       0x28 bin/obj/usbd_conf.o
                0x080011e0                USBD_LL_IsStallEP
 .text.USBD_LL_SetUSBAddress
                0x08001208       0x10 bin/obj/usbd_conf.o
                0x08001208                USBD_LL_SetUSBAddress
 .text.USBD_LL_Transmit
                0x08001218       0x10 bin/obj/usbd_conf.o
                0x08001218                USBD_LL_Transmit
 .text.USBD_LL_PrepareReceive
                0x08001228       0x10 bin/obj/usbd_conf.o
                0x08001228                USBD_LL_PrepareReceive
 .text.USBD_LL_GetRxDataSize
                0x08001238        0xc bin/obj/usbd_conf.o
                0x08001238                USBD_LL_GetRxDataSize
 .text.USBD_VCP_DeviceDescriptor
                0x08001244        0xc bin/obj/usbd_desc.o
                0x08001244                USBD_VCP_DeviceDescriptor
 .text.USBD_VCP_LangIDStrDescriptor
                0x08001250        0xc bin/obj/usbd_desc.o
                0x08001250                USBD_VCP_LangIDStrDescriptor
 .text.IntToUnicode
                0x0800125c       0x34 bin/obj/usbd_desc.o
 .text.USBD_VCP_SerialStrDescriptor
                0x08001290       0x48 bin/obj/usbd_desc.o
                0x08001290                USBD_VCP_SerialStrDescriptor
 .text.USBD_VCP_ManufacturerStrDescriptor
                0x080012d8       0x1c bin/obj/usbd_desc.o
                0x080012d8                USBD_VCP_ManufacturerStrDescriptor
 .text.USBD_VCP_ProductStrDescriptor
                0x080012f4       0x28 bin/obj/usbd_desc.o
                0x080012f4                USBD_VCP_ProductStrDescriptor
 .text.USBD_VCP_ConfigStrDescriptor
                0x0800131c       0x1c bin/obj/usbd_desc.o
                0x0800131c                USBD_VCP_ConfigStrDescriptor
 .text.USBD_VCP_InterfaceStrDescriptor
                0x08001338       0x1c bin/obj/usbd_desc.o
                0x08001338                USBD_VCP_InterfaceStrDescriptor
 .text.NMI_Handler
                0x08001354        0x4 bin/obj/stm32f7xx_it.o
                0x08001354                NMI_Handler
 .text.HardFault_Handler
                0x08001358        0x4 bin/obj/stm32f7xx_it.o
                0x08001358                HardFault_Handler
 .text.MemManage_Handler
                0x0800135c        0x4 bin/obj/stm32f7xx_it.o
                0x0800135c                MemManage_Handler
 .text.BusFault_Handler
                0x08001360        0x4 bin/obj/stm32f7xx_it.o
                0x08001360                BusFault_Handler
 .text.UsageFault_Handler
                0x08001364        0x4 bin/obj/stm32f7xx_it.o
                0x08001364                UsageFault_Handler
 .text.SVC_Handler
                0x08001368        0x4 bin/obj/stm32f7xx_it.o
                0x08001368                SVC_Handler
 .text.DebugMon_Handler
                0x0800136c        0x4 bin/obj/stm32f7xx_it.o
                0x0800136c                DebugMon_Handler
 .text.PendSV_Handler
                0x08001370        0x4 bin/obj/stm32f7xx_it.o
                0x08001370                PendSV_Handler
 .text.SysTick_Handler
                0x08001374        0x4 bin/obj/stm32f7xx_it.o
                0x08001374                SysTick_Handler
 .text.OTG_FS_IRQHandler
                0x08001378        0xc bin/obj/stm32f7xx_it.o
                0x08001378                OTG_FS_IRQHandler
 .text.DMA2_Stream7_IRQHandler
                0x08001384        0x4 bin/obj/stm32f7xx_it.o
                0x08001384                DMA2_Stream7_IRQHandler
 .text.USART1_IRQHandler
                0x08001388        0x4 bin/obj/stm32f7xx_it.o
                0x08001388                USART1_IRQHandler
 .text.TIM3_IRQHandler
                0x0800138c        0xc bin/obj/stm32f7xx_it.o
                0x0800138c                TIM3_IRQHandler
 .text._sbrk    0x08001398       0x40 bin/obj/syscalls.o
                0x08001398                _sbrk
 .text.SystemClock_Config
                0x080013d8       0x60 bin/obj/system_clock.o
                0x080013d8                SystemClock_Config
 .text.SystemInit
                0x08001438       0x50 bin/obj/system_stm32f7xx.o
                0x08001438                SystemInit
 .text.flash_write
                0x08001488       0x78 bin/obj/flash.o
                0x08001488                flash_write
 .text.flash_erase_fw_block
                0x08001500       0x30 bin/obj/flash.o
                0x08001500                flash_erase_fw_block
 .text.hal_init
                0x08001530        0x4 bin/obj/hal.o
                0x08001530                hal_init
 .text.msg_send
                0x08001534       0x38 bin/obj/msg.o
                0x08001534                msg_send
 .text.msg_recv
                0x0800156c      0x4e8 bin/obj/msg.o
                0x0800156c                msg_recv
 .text.millis   0x08001a54        0x4 bin/obj/util.o
                0x08001a54                millis
 .text.vcp_is_available
                0x08001a58        0x4 bin/obj/vcp.o
                0x08001a58                vcp_is_available
 .text.vcp_getch
                0x08001a5c        0x4 bin/obj/vcp.o
                0x08001a5c                vcp_getch
 .text.vcp_write
                0x08001a60        0xc bin/obj/vcp.o
                0x08001a60                vcp_write
 .text.HAL_InitTick
                0x08001a6c       0x28 bin/obj/stm32f7xx_hal.o
                0x08001a6c                HAL_InitTick
 .text.HAL_Init
                0x08001a94       0x24 bin/obj/stm32f7xx_hal.o
                0x08001a94                HAL_Init
 .text.HAL_IncTick
                0x08001ab8       0x10 bin/obj/stm32f7xx_hal.o
                0x08001ab8                HAL_IncTick
 .text.HAL_GetTick
                0x08001ac8        0xc bin/obj/stm32f7xx_hal.o
                0x08001ac8                HAL_GetTick
 .text.HAL_Delay
                0x08001ad4       0x1c bin/obj/stm32f7xx_hal.o
                0x08001ad4                HAL_Delay
 .text.HAL_NVIC_SetPriorityGrouping
                0x08001af0       0x28 bin/obj/stm32f7xx_hal_cortex.o
                0x08001af0                HAL_NVIC_SetPriorityGrouping
 .text.HAL_NVIC_SetPriority
                0x08001b18       0x74 bin/obj/stm32f7xx_hal_cortex.o
                0x08001b18                HAL_NVIC_SetPriority
 .text.HAL_NVIC_EnableIRQ
                0x08001b8c       0x18 bin/obj/stm32f7xx_hal_cortex.o
                0x08001b8c                HAL_NVIC_EnableIRQ
 .text.HAL_SYSTICK_Config
                0x08001ba4       0x30 bin/obj/stm32f7xx_hal_cortex.o
                0x08001ba4                HAL_SYSTICK_Config
 .text.FLASH_SetErrorCode
                0x08001bd4       0x64 bin/obj/stm32f7xx_hal_flash.o
 .text.HAL_FLASH_Unlock
                0x08001c38       0x24 bin/obj/stm32f7xx_hal_flash.o
                0x08001c38                HAL_FLASH_Unlock
 .text.HAL_FLASH_Lock
                0x08001c5c       0x14 bin/obj/stm32f7xx_hal_flash.o
                0x08001c5c                HAL_FLASH_Lock
 .text.FLASH_WaitForLastOperation
                0x08001c70       0x48 bin/obj/stm32f7xx_hal_flash.o
                0x08001c70                FLASH_WaitForLastOperation
 .text.HAL_FLASH_Program
                0x08001cb8       0xe4 bin/obj/stm32f7xx_hal_flash.o
                0x08001cb8                HAL_FLASH_Program
 .text.FLASH_Erase_Sector
                0x08001d9c       0x64 bin/obj/stm32f7xx_hal_flash_ex.o
                0x08001d9c                FLASH_Erase_Sector
 .text.HAL_FLASHEx_Erase
                0x08001e00       0xd0 bin/obj/stm32f7xx_hal_flash_ex.o
                0x08001e00                HAL_FLASHEx_Erase
 .text.HAL_GPIO_Init
                0x08001ed0      0x238 bin/obj/stm32f7xx_hal_gpio.o
                0x08001ed0                HAL_GPIO_Init
 .text.HAL_GPIO_WritePin
                0x08002108        0x8 bin/obj/stm32f7xx_hal_gpio.o
                0x08002108                HAL_GPIO_WritePin
 .text.HAL_GPIO_TogglePin
                0x08002110        0x8 bin/obj/stm32f7xx_hal_gpio.o
                0x08002110                HAL_GPIO_TogglePin
 .text.HAL_MspInit
                0x08002118        0x4 bin/obj/stm32f7xx_hal_msp_template.o
                0x08002118                HAL_MspInit
 .text.HAL_PCD_Init
                0x0800211c       0xe4 bin/obj/stm32f7xx_hal_pcd.o
                0x0800211c                HAL_PCD_Init
 .text.HAL_PCD_Start
                0x08002200       0x2c bin/obj/stm32f7xx_hal_pcd.o
                0x08002200                HAL_PCD_Start
 .text.HAL_PCD_IRQHandler
                0x0800222c      0x568 bin/obj/stm32f7xx_hal_pcd.o
                0x0800222c                HAL_PCD_IRQHandler
 .text.HAL_PCD_SetAddress
                0x08002794       0x24 bin/obj/stm32f7xx_hal_pcd.o
                0x08002794                HAL_PCD_SetAddress
 .text.HAL_PCD_EP_Open
                0x080027b8       0x8c bin/obj/stm32f7xx_hal_pcd.o
                0x080027b8                HAL_PCD_EP_Open
 .text.HAL_PCD_EP_Close
                0x08002844       0x50 bin/obj/stm32f7xx_hal_pcd.o
                0x08002844                HAL_PCD_EP_Close
 .text.HAL_PCD_EP_Receive
                0x08002894       0x6c bin/obj/stm32f7xx_hal_pcd.o
                0x08002894                HAL_PCD_EP_Receive
 .text.HAL_PCD_EP_GetRxCount
                0x08002900       0x14 bin/obj/stm32f7xx_hal_pcd.o
                0x08002900                HAL_PCD_EP_GetRxCount
 .text.HAL_PCD_EP_Transmit
                0x08002914       0x64 bin/obj/stm32f7xx_hal_pcd.o
                0x08002914                HAL_PCD_EP_Transmit
 .text.HAL_PCD_EP_SetStall
                0x08002978       0x64 bin/obj/stm32f7xx_hal_pcd.o
                0x08002978                HAL_PCD_EP_SetStall
 .text.HAL_PCD_EP_ClrStall
                0x080029dc       0x54 bin/obj/stm32f7xx_hal_pcd.o
                0x080029dc                HAL_PCD_EP_ClrStall
 .text.HAL_PCDEx_SetTxFiFo
                0x08002a30       0x4c bin/obj/stm32f7xx_hal_pcd_ex.o
                0x08002a30                HAL_PCDEx_SetTxFiFo
 .text.HAL_PCDEx_SetRxFiFo
                0x08002a7c        0x8 bin/obj/stm32f7xx_hal_pcd_ex.o
                0x08002a7c                HAL_PCDEx_SetRxFiFo
 .text.HAL_PCDEx_ActivateLPM
                0x08002a84       0x2c bin/obj/stm32f7xx_hal_pcd_ex.o
                0x08002a84                HAL_PCDEx_ActivateLPM
 .text.HAL_PCDEx_LPM_Callback
                0x08002ab0        0x4 bin/obj/stm32f7xx_hal_pcd_ex.o
                0x08002ab0                HAL_PCDEx_LPM_Callback
 .text.HAL_PWREx_EnableOverDrive
                0x08002ab4       0x7c bin/obj/stm32f7xx_hal_pwr_ex.o
                0x08002ab4                HAL_PWREx_EnableOverDrive
 .text.HAL_RCC_OscConfig
                0x08002b30      0x420 bin/obj/stm32f7xx_hal_rcc.o
                0x08002b30                HAL_RCC_OscConfig
 .text.HAL_RCC_ClockConfig
                0x08002f50      0x1bc bin/obj/stm32f7xx_hal_rcc.o
                0x08002f50                HAL_RCC_ClockConfig
 .text.HAL_RCC_GetSysClockFreq
                0x0800310c       0xa0 bin/obj/stm32f7xx_hal_rcc.o
                0x0800310c                HAL_RCC_GetSysClockFreq
 .text.HAL_RCC_GetHCLKFreq
                0x080031ac       0x34 bin/obj/stm32f7xx_hal_rcc.o
                0x080031ac                HAL_RCC_GetHCLKFreq
 .text.HAL_TIM_Base_MspInit
                0x080031e0        0x4 bin/obj/stm32f7xx_hal_tim.o
                0x080031e0                HAL_TIM_Base_MspInit
 .text.HAL_TIM_Base_Start_IT
                0x080031e4       0x18 bin/obj/stm32f7xx_hal_tim.o
                0x080031e4                HAL_TIM_Base_Start_IT
 .text.HAL_TIM_OC_DelayElapsedCallback
                0x080031fc        0x4 bin/obj/stm32f7xx_hal_tim.o
                0x080031fc                HAL_TIM_OC_DelayElapsedCallback
 .text.HAL_TIM_IC_CaptureCallback
                0x08003200        0x4 bin/obj/stm32f7xx_hal_tim.o
                0x08003200                HAL_TIM_IC_CaptureCallback
 .text.HAL_TIM_PWM_PulseFinishedCallback
                0x08003204        0x4 bin/obj/stm32f7xx_hal_tim.o
                0x08003204                HAL_TIM_PWM_PulseFinishedCallback
 .text.HAL_TIM_TriggerCallback
                0x08003208        0x4 bin/obj/stm32f7xx_hal_tim.o
                0x08003208                HAL_TIM_TriggerCallback
 .text.HAL_TIM_IRQHandler
                0x0800320c      0x170 bin/obj/stm32f7xx_hal_tim.o
                0x0800320c                HAL_TIM_IRQHandler
 .text.TIM_Base_SetConfig
                0x0800337c      0x110 bin/obj/stm32f7xx_hal_tim.o
                0x0800337c                TIM_Base_SetConfig
 .text.HAL_TIM_Base_Init
                0x0800348c       0x30 bin/obj/stm32f7xx_hal_tim.o
                0x0800348c                HAL_TIM_Base_Init
 .text.HAL_TIMEx_CommutationCallback
                0x080034bc        0x4 bin/obj/stm32f7xx_hal_tim_ex.o
                0x080034bc                HAL_TIMEx_CommutationCallback
 .text.HAL_TIMEx_BreakCallback
                0x080034c0        0x4 bin/obj/stm32f7xx_hal_tim_ex.o
                0x080034c0                HAL_TIMEx_BreakCallback
 .text.USB_CoreInit
                0x080034c4       0x7c bin/obj/stm32f7xx_ll_usb.o
                0x080034c4                USB_CoreInit
 .text.USB_EnableGlobalInt
                0x08003540       0x10 bin/obj/stm32f7xx_ll_usb.o
                0x08003540                USB_EnableGlobalInt
 .text.USB_DisableGlobalInt
                0x08003550       0x10 bin/obj/stm32f7xx_ll_usb.o
                0x08003550                USB_DisableGlobalInt
 .text.USB_SetCurrentMode
                0x08003560       0x34 bin/obj/stm32f7xx_ll_usb.o
                0x08003560                USB_SetCurrentMode
 .text.USB_DevInit
                0x08003594      0x184 bin/obj/stm32f7xx_ll_usb.o
                0x08003594                USB_DevInit
 .text.USB_FlushTxFifo
                0x08003718       0x24 bin/obj/stm32f7xx_ll_usb.o
                0x08003718                USB_FlushTxFifo
 .text.USB_GetDevSpeed
                0x0800373c       0x38 bin/obj/stm32f7xx_ll_usb.o
                0x0800373c                USB_GetDevSpeed
 .text.USB_ActivateEndpoint
                0x08003774       0x8c bin/obj/stm32f7xx_ll_usb.o
                0x08003774                USB_ActivateEndpoint
 .text.USB_DeactivateEndpoint
                0x08003800       0x84 bin/obj/stm32f7xx_ll_usb.o
                0x08003800                USB_DeactivateEndpoint
 .text.USB_EPStartXfer
                0x08003884      0x2a0 bin/obj/stm32f7xx_ll_usb.o
                0x08003884                USB_EPStartXfer
 .text.USB_EP0StartXfer
                0x08003b24      0x18c bin/obj/stm32f7xx_ll_usb.o
                0x08003b24                USB_EP0StartXfer
 .text.USB_WritePacket
                0x08003cb0       0x28 bin/obj/stm32f7xx_ll_usb.o
                0x08003cb0                USB_WritePacket
 .text.USB_ReadPacket
                0x08003cd8       0x2c bin/obj/stm32f7xx_ll_usb.o
                0x08003cd8                USB_ReadPacket
 .text.USB_EPSetStall
                0x08003d04       0x40 bin/obj/stm32f7xx_ll_usb.o
                0x08003d04                USB_EPSetStall
 .text.USB_EPClearStall
                0x08003d44       0x3c bin/obj/stm32f7xx_ll_usb.o
                0x08003d44                USB_EPClearStall
 .text.USB_SetDevAddress
                0x08003d80       0x24 bin/obj/stm32f7xx_ll_usb.o
                0x08003d80                USB_SetDevAddress
 .text.USB_DevConnect
                0x08003da4       0x18 bin/obj/stm32f7xx_ll_usb.o
                0x08003da4                USB_DevConnect
 .text.USB_DevDisconnect
                0x08003dbc       0x18 bin/obj/stm32f7xx_ll_usb.o
                0x08003dbc                USB_DevDisconnect
 .text.USB_ReadInterrupts
                0x08003dd4        0x8 bin/obj/stm32f7xx_ll_usb.o
                0x08003dd4                USB_ReadInterrupts
 .text.USB_ReadDevAllOutEpInterrupt
                0x08003ddc       0x10 bin/obj/stm32f7xx_ll_usb.o
                0x08003ddc                USB_ReadDevAllOutEpInterrupt
 .text.USB_ReadDevAllInEpInterrupt
                0x08003dec       0x10 bin/obj/stm32f7xx_ll_usb.o
                0x08003dec                USB_ReadDevAllInEpInterrupt
 .text.USB_ReadDevOutEPInterrupt
                0x08003dfc       0x14 bin/obj/stm32f7xx_ll_usb.o
                0x08003dfc                USB_ReadDevOutEPInterrupt
 .text.USB_ReadDevInEPInterrupt
                0x08003e10       0x20 bin/obj/stm32f7xx_ll_usb.o
                0x08003e10                USB_ReadDevInEPInterrupt
 .text.USB_GetMode
                0x08003e30        0x8 bin/obj/stm32f7xx_ll_usb.o
                0x08003e30                USB_GetMode
 .text.USB_ActivateSetup
                0x08003e38       0x38 bin/obj/stm32f7xx_ll_usb.o
                0x08003e38                USB_ActivateSetup
 .text.USB_EP0_OutStart
                0x08003e70       0x44 bin/obj/stm32f7xx_ll_usb.o
                0x08003e70                USB_EP0_OutStart
 .text.USB_CoreReset
                0x08003eb4       0x34 bin/obj/stm32f7xx_ll_usb.o
 .text.USBD_Init
                0x08003ee8       0x2c bin/obj/usbd_core.o
                0x08003ee8                USBD_Init
 .text.USBD_RegisterClass
                0x08003f14       0x10 bin/obj/usbd_core.o
                0x08003f14                USBD_RegisterClass
 .text.USBD_Start
                0x08003f24        0xc bin/obj/usbd_core.o
                0x08003f24                USBD_Start
 .text.USBD_SetClassConfig
                0x08003f30       0x14 bin/obj/usbd_core.o
                0x08003f30                USBD_SetClassConfig
 .text.USBD_ClrClassConfig
                0x08003f44       0x10 bin/obj/usbd_core.o
                0x08003f44                USBD_ClrClassConfig
 .text.USBD_LL_SetupStage
                0x08003f54       0x60 bin/obj/usbd_core.o
                0x08003f54                USBD_LL_SetupStage
 .text.USBD_LL_DataOutStage
                0x08003fb4       0x68 bin/obj/usbd_core.o
                0x08003fb4                USBD_LL_DataOutStage
 .text.USBD_LL_DataInStage
                0x0800401c       0xa0 bin/obj/usbd_core.o
                0x0800401c                USBD_LL_DataInStage
 .text.USBD_LL_Reset
                0x080040bc       0x40 bin/obj/usbd_core.o
                0x080040bc                USBD_LL_Reset
 .text.USBD_LL_SetSpeed
                0x080040fc        0x8 bin/obj/usbd_core.o
                0x080040fc                USBD_LL_SetSpeed
 .text.USBD_LL_Suspend
                0x08004104       0x14 bin/obj/usbd_core.o
                0x08004104                USBD_LL_Suspend
 .text.USBD_LL_Resume
                0x08004118       0x10 bin/obj/usbd_core.o
                0x08004118                USBD_LL_Resume
 .text.USBD_LL_SOF
                0x08004128       0x1c bin/obj/usbd_core.o
                0x08004128                USBD_LL_SOF
 .text.USBD_LL_IsoINIncomplete
                0x08004144        0x4 bin/obj/usbd_core.o
                0x08004144                USBD_LL_IsoINIncomplete
 .text.USBD_LL_IsoOUTIncomplete
                0x08004148        0x4 bin/obj/usbd_core.o
                0x08004148                USBD_LL_IsoOUTIncomplete
 .text.USBD_LL_DevConnected
                0x0800414c        0x4 bin/obj/usbd_core.o
                0x0800414c                USBD_LL_DevConnected
 .text.USBD_LL_DevDisconnected
                0x08004150       0x18 bin/obj/usbd_core.o
                0x08004150                USBD_LL_DevDisconnected
 .text.USBD_StdDevReq
                0x08004168      0x29c bin/obj/usbd_ctlreq.o
                0x08004168                USBD_StdDevReq
 .text.USBD_StdItfReq
                0x08004404       0x3c bin/obj/usbd_ctlreq.o
                0x08004404                USBD_StdItfReq
 .text.USBD_StdEPReq
                0x08004440       0xd0 bin/obj/usbd_ctlreq.o
                0x08004440                USBD_StdEPReq
 .text.USBD_ParseSetupRequest
                0x08004510       0x28 bin/obj/usbd_ctlreq.o
                0x08004510                USBD_ParseSetupRequest
 .text.USBD_GetString
                0x08004538       0x4c bin/obj/usbd_ctlreq.o
                0x08004538                USBD_GetString
 .text.USBD_CtlSendData
                0x08004584       0x1c bin/obj/usbd_ioreq.o
                0x08004584                USBD_CtlSendData
 .text.USBD_CtlContinueSendData
                0x080045a0       0x10 bin/obj/usbd_ioreq.o
                0x080045a0                USBD_CtlContinueSendData
 .text.USBD_CtlPrepareRx
                0x080045b0       0x20 bin/obj/usbd_ioreq.o
                0x080045b0                USBD_CtlPrepareRx
 .text.USBD_CtlContinueRx
                0x080045d0       0x10 bin/obj/usbd_ioreq.o
                0x080045d0                USBD_CtlContinueRx
 .text.USBD_CtlSendStatus
                0x080045e0       0x18 bin/obj/usbd_ioreq.o
                0x080045e0                USBD_CtlSendStatus
 .text.USBD_CtlReceiveStatus
                0x080045f8       0x18 bin/obj/usbd_ioreq.o
                0x080045f8                USBD_CtlReceiveStatus
 .text.Reset_Handler
                0x08004610       0x50 bin/obj/startup_stm32f746xx.o
                0x08004610                Reset_Handler
 .text.Default_Handler
                0x08004660        0x2 bin/obj/startup_stm32f746xx.o
                0x08004660                RTC_Alarm_IRQHandler
                0x08004660                EXTI2_IRQHandler
                0x08004660                TIM8_CC_IRQHandler
                0x08004660                UART8_IRQHandler
                0x08004660                SPI4_IRQHandler
                0x08004660                TIM1_CC_IRQHandler
                0x08004660                DMA2_Stream5_IRQHandler
                0x08004660                DMA1_Stream5_IRQHandler
                0x08004660                PVD_IRQHandler
                0x08004660                TAMP_STAMP_IRQHandler
                0x08004660                CAN2_RX1_IRQHandler
                0x08004660                EXTI3_IRQHandler
                0x08004660                TIM8_TRG_COM_TIM14_IRQHandler
                0x08004660                TIM1_UP_TIM10_IRQHandler
                0x08004660                TIM8_UP_TIM13_IRQHandler
                0x08004660                I2C3_ER_IRQHandler
                0x08004660                EXTI0_IRQHandler
                0x08004660                I2C2_EV_IRQHandler
                0x08004660                DMA1_Stream2_IRQHandler
                0x08004660                CAN1_RX0_IRQHandler
                0x08004660                FPU_IRQHandler
                0x08004660                OTG_HS_WKUP_IRQHandler
                0x08004660                LTDC_ER_IRQHandler
                0x08004660                CAN2_SCE_IRQHandler
                0x08004660                DMA2_Stream2_IRQHandler
                0x08004660                SPI1_IRQHandler
                0x08004660                TIM6_DAC_IRQHandler
                0x08004660                TIM1_BRK_TIM9_IRQHandler
                0x08004660                DCMI_IRQHandler
                0x08004660                CAN2_RX0_IRQHandler
                0x08004660                DMA2_Stream3_IRQHandler
                0x08004660                SAI2_IRQHandler
                0x08004660                USART6_IRQHandler
                0x08004660                USART3_IRQHandler
                0x08004660                CAN1_RX1_IRQHandler
                0x08004660                UART5_IRQHandler
                0x08004660                DMA2_Stream0_IRQHandler
                0x08004660                TIM4_IRQHandler
                0x08004660                QUADSPI_IRQHandler
                0x08004660                I2C1_EV_IRQHandler
                0x08004660                DMA1_Stream6_IRQHandler
                0x08004660                DMA1_Stream1_IRQHandler
                0x08004660                UART4_IRQHandler
                0x08004660                RCC_IRQHandler
                0x08004660                TIM8_BRK_TIM12_IRQHandler
                0x08004660                Default_Handler
                0x08004660                CEC_IRQHandler
                0x08004660                EXTI15_10_IRQHandler
                0x08004660                ADC_IRQHandler
                0x08004660                DMA1_Stream7_IRQHandler
                0x08004660                SPI5_IRQHandler
                0x08004660                TIM7_IRQHandler
                0x08004660                SDMMC1_IRQHandler
                0x08004660                CAN2_TX_IRQHandler
                0x08004660                TIM5_IRQHandler
                0x08004660                I2C3_EV_IRQHandler
                0x08004660                EXTI9_5_IRQHandler
                0x08004660                RTC_WKUP_IRQHandler
                0x08004660                LTDC_IRQHandler
                0x08004660                ETH_WKUP_IRQHandler
                0x08004660                SPDIF_RX_IRQHandler
                0x08004660                SPI2_IRQHandler
                0x08004660                OTG_HS_EP1_IN_IRQHandler
                0x08004660                DMA1_Stream0_IRQHandler
                0x08004660                CAN1_TX_IRQHandler
                0x08004660                EXTI4_IRQHandler
                0x08004660                RNG_IRQHandler
                0x08004660                ETH_IRQHandler
                0x08004660                OTG_HS_EP1_OUT_IRQHandler
                0x08004660                WWDG_IRQHandler
                0x08004660                SPI6_IRQHandler
                0x08004660                I2C4_EV_IRQHandler
                0x08004660                TIM2_IRQHandler
                0x08004660                OTG_FS_WKUP_IRQHandler
                0x08004660                TIM1_TRG_COM_TIM11_IRQHandler
                0x08004660                OTG_HS_IRQHandler
                0x08004660                DMA2D_IRQHandler
                0x08004660                EXTI1_IRQHandler
                0x08004660                UART7_IRQHandler
                0x08004660                USART2_IRQHandler
                0x08004660                I2C2_ER_IRQHandler
                0x08004660                DMA2_Stream1_IRQHandler
                0x08004660                CAN1_SCE_IRQHandler
                0x08004660                FLASH_IRQHandler
                0x08004660                DMA2_Stream4_IRQHandler
                0x08004660                SPI3_IRQHandler
                0x08004660                DMA1_Stream4_IRQHandler
                0x08004660                I2C1_ER_IRQHandler
                0x08004660                FMC_IRQHandler
                0x08004660                LPTIM1_IRQHandler
                0x08004660                I2C4_ER_IRQHandler
                0x08004660                DMA2_Stream6_IRQHandler
                0x08004660                SAI1_IRQHandler
                0x08004660                DMA1_Stream3_IRQHandler
 *fill*         0x08004662        0x2 
 .text.__libc_init_array
                0x08004664       0x50 c:/program files (x86)/gnu tools arm embedded/5.2 2015q4/bin/../lib/gcc/arm-none-eabi/5.2.1/../../../../arm-none-eabi/lib/armv7e-m/softfp/fpv5-sp-d16\libg.a(lib_a-init.o)
                0x08004664                __libc_init_array
 .text.malloc   0x080046b4       0x10 c:/program files (x86)/gnu tools arm embedded/5.2 2015q4/bin/../lib/gcc/arm-none-eabi/5.2.1/../../../../arm-none-eabi/lib/armv7e-m/softfp/fpv5-sp-d16\libg.a(lib_a-malloc.o)
                0x080046b4                malloc
 .text.free     0x080046c4       0x10 c:/program files (x86)/gnu tools arm embedded/5.2 2015q4/bin/../lib/gcc/arm-none-eabi/5.2.1/../../../../arm-none-eabi/lib/armv7e-m/softfp/fpv5-sp-d16\libg.a(lib_a-malloc.o)
                0x080046c4                free
 .text._malloc_r
                0x080046d4      0x570 c:/program files (x86)/gnu tools arm embedded/5.2 2015q4/bin/../lib/gcc/arm-none-eabi/5.2.1/../../../../arm-none-eabi/lib/armv7e-m/softfp/fpv5-sp-d16\libg.a(lib_a-mallocr.o)
                0x080046d4                _malloc_r
 .text.memset   0x08004c44       0x9c c:/program files (x86)/gnu tools arm embedded/5.2 2015q4/bin/../lib/gcc/arm-none-eabi/5.2.1/../../../../arm-none-eabi/lib/armv7e-m/softfp/fpv5-sp-d16\libg.a(lib_a-memset.o)
                0x08004c44                memset
 .text.__malloc_lock
                0x08004ce0        0x4 c:/program files (x86)/gnu tools arm embedded/5.2 2015q4/bin/../lib/gcc/arm-none-eabi/5.2.1/../../../../arm-none-eabi/lib/armv7e-m/softfp/fpv5-sp-d16\libg.a(lib_a-mlock.o)
                0x08004ce0                __malloc_lock
 .text.__malloc_unlock
                0x08004ce4        0x4 c:/program files (x86)/gnu tools arm embedded/5.2 2015q4/bin/../lib/gcc/arm-none-eabi/5.2.1/../../../../arm-none-eabi/lib/armv7e-m/softfp/fpv5-sp-d16\libg.a(lib_a-mlock.o)
                0x08004ce4                __malloc_unlock
 .text._sbrk_r  0x08004ce8       0x24 c:/program files (x86)/gnu tools arm embedded/5.2 2015q4/bin/../lib/gcc/arm-none-eabi/5.2.1/../../../../arm-none-eabi/lib/armv7e-m/softfp/fpv5-sp-d16\libg.a(lib_a-sbrkr.o)
                0x08004ce8                _sbrk_r
 .text.startup.register_fini
                0x08004d0c       0x14 c:/program files (x86)/gnu tools arm embedded/5.2 2015q4/bin/../lib/gcc/arm-none-eabi/5.2.1/../../../../arm-none-eabi/lib/armv7e-m/softfp/fpv5-sp-d16\libg.a(lib_a-__call_atexit.o)
 .text.atexit   0x08004d20        0xc c:/program files (x86)/gnu tools arm embedded/5.2 2015q4/bin/../lib/gcc/arm-none-eabi/5.2.1/../../../../arm-none-eabi/lib/armv7e-m/softfp/fpv5-sp-d16\libg.a(lib_a-atexit.o)
                0x08004d20                atexit
 .text.__libc_fini_array
                0x08004d2c       0x28 c:/program files (x86)/gnu tools arm embedded/5.2 2015q4/bin/../lib/gcc/arm-none-eabi/5.2.1/../../../../arm-none-eabi/lib/armv7e-m/softfp/fpv5-sp-d16\libg.a(lib_a-fini.o)
                0x08004d2c                __libc_fini_array
 .text._malloc_trim_r
                0x08004d54       0x9c c:/program files (x86)/gnu tools arm embedded/5.2 2015q4/bin/../lib/gcc/arm-none-eabi/5.2.1/../../../../arm-none-eabi/lib/armv7e-m/softfp/fpv5-sp-d16\libg.a(lib_a-freer.o)
                0x08004d54                _malloc_trim_r
 .text._free_r  0x08004df0      0x1d0 c:/program files (x86)/gnu tools arm embedded/5.2 2015q4/bin/../lib/gcc/arm-none-eabi/5.2.1/../../../../arm-none-eabi/lib/armv7e-m/softfp/fpv5-sp-d16\libg.a(lib_a-freer.o)
                0x08004df0                _free_r
 .text.__register_exitproc
                0x08004fc0       0xa4 c:/program files (x86)/gnu tools arm embedded/5.2 2015q4/bin/../lib/gcc/arm-none-eabi/5.2.1/../../../../arm-none-eabi/lib/armv7e-m/softfp/fpv5-sp-d16\libg.a(lib_a-__atexit.o)
                0x08004fc0                __register_exitproc
 *(.glue_7)
 .glue_7        0x08005064        0x0 linker stubs
 *(.glue_7t)
 .glue_7t       0x08005064        0x0 linker stubs
 *(.eh_frame)
 .eh_frame      0x08005064        0x0 c:/program files (x86)/gnu tools arm embedded/5.2 2015q4/bin/../lib/gcc/arm-none-eabi/5.2.1/armv7e-m/softfp/fpv5-sp-d16/crtbegin.o
 *(.init)
 .init          0x08005064        0x4 c:/program files (x86)/gnu tools arm embedded/5.2 2015q4/bin/../lib/gcc/arm-none-eabi/5.2.1/armv7e-m/softfp/fpv5-sp-d16/crti.o
                0x08005064                _init
 .init          0x08005068        0x8 c:/program files (x86)/gnu tools arm embedded/5.2 2015q4/bin/../lib/gcc/arm-none-eabi/5.2.1/armv7e-m/softfp/fpv5-sp-d16/crtn.o
 *(.fini)
 .fini          0x08005070        0x4 c:/program files (x86)/gnu tools arm embedded/5.2 2015q4/bin/../lib/gcc/arm-none-eabi/5.2.1/armv7e-m/softfp/fpv5-sp-d16/crti.o
                0x08005070                _fini
 .fini          0x08005074        0x8 c:/program files (x86)/gnu tools arm embedded/5.2 2015q4/bin/../lib/gcc/arm-none-eabi/5.2.1/armv7e-m/softfp/fpv5-sp-d16/crtn.o
                0x0800507c                . = ALIGN (0x4)
                0x0800507c                _etext = .

.vfp11_veneer   0x0800507c        0x0
 .vfp11_veneer  0x0800507c        0x0 linker stubs

.v4_bx          0x0800507c        0x0
 .v4_bx         0x0800507c        0x0 linker stubs

.iplt           0x0800507c        0x0
 .iplt          0x0800507c        0x0 c:/program files (x86)/gnu tools arm embedded/5.2 2015q4/bin/../lib/gcc/arm-none-eabi/5.2.1/armv7e-m/softfp/fpv5-sp-d16/crtbegin.o

.rodata         0x0800507c      0x184
                0x0800507c                . = ALIGN (0x4)
 *(.rodata)
 *(.rodata*)
 .rodata.str1.4
                0x0800507c       0x6a bin/obj/usbd_desc.o
 *fill*         0x080050e6        0x2 
 .rodata.mavlink_message_crcs.10152
                0x080050e8      0x100 bin/obj/msg.o
 .rodata.APBAHBPrescTable
                0x080051e8       0x10 bin/obj/stm32f7xx_hal_rcc.o
                0x080051e8                APBAHBPrescTable
 .rodata.str1.4
                0x080051f8        0x4 c:/program files (x86)/gnu tools arm embedded/5.2 2015q4/bin/../lib/gcc/arm-none-eabi/5.2.1/../../../../arm-none-eabi/lib/armv7e-m/softfp/fpv5-sp-d16\libg.a(lib_a-impure.o)
                                  0x2 (size before relaxing)
 .rodata._global_impure_ptr
                0x080051fc        0x4 c:/program files (x86)/gnu tools arm embedded/5.2 2015q4/bin/../lib/gcc/arm-none-eabi/5.2.1/../../../../arm-none-eabi/lib/armv7e-m/softfp/fpv5-sp-d16\libg.a(lib_a-impure.o)
                0x080051fc                _global_impure_ptr
                0x08005200                . = ALIGN (0x4)

.rel.dyn        0x08005200        0x0
 .rel.iplt      0x08005200        0x0 c:/program files (x86)/gnu tools arm embedded/5.2 2015q4/bin/../lib/gcc/arm-none-eabi/5.2.1/armv7e-m/softfp/fpv5-sp-d16/crtbegin.o

.ARM.extab
 *(.ARM.extab* .gnu.linkonce.armextab.*)

.ARM            0x08005200        0x0
                0x08005200                __exidx_start = .
 *(.ARM.exidx*)
                0x08005200                __exidx_end = .

.preinit_array  0x08005200        0x0
                0x08005200                PROVIDE (__preinit_array_start, .)
 *(.preinit_array*)
                0x08005200                PROVIDE (__preinit_array_end, .)

.init_array     0x08005200        0x8
                0x08005200                PROVIDE (__init_array_start, .)
 *(SORT(.init_array.*))
 .init_array.00000
                0x08005200        0x4 c:/program files (x86)/gnu tools arm embedded/5.2 2015q4/bin/../lib/gcc/arm-none-eabi/5.2.1/../../../../arm-none-eabi/lib/armv7e-m/softfp/fpv5-sp-d16\libg.a(lib_a-__call_atexit.o)
 *(.init_array*)
 .init_array    0x08005204        0x4 c:/program files (x86)/gnu tools arm embedded/5.2 2015q4/bin/../lib/gcc/arm-none-eabi/5.2.1/armv7e-m/softfp/fpv5-sp-d16/crtbegin.o
                0x08005208                PROVIDE (__init_array_end, .)

.fini_array     0x08005208        0x4
                0x08005208                PROVIDE (__fini_array_start, .)
 *(SORT(.fini_array.*))
 *(.fini_array*)
 .fini_array    0x08005208        0x4 c:/program files (x86)/gnu tools arm embedded/5.2 2015q4/bin/../lib/gcc/arm-none-eabi/5.2.1/armv7e-m/softfp/fpv5-sp-d16/crtbegin.o
                0x0800520c                PROVIDE (__fini_array_end, .)
                0x0800520c                _sidata = LOADADDR (.data)

.data           0x200114f0      0x9c4 load address 0x0800520c
                0x200114f0                . = ALIGN (0x4)
                0x200114f0                _sdata = .
 *(.data)
 *(.data*)
 .data.boot_version
                0x200114f0        0x4 bin/obj/cmd.o
                0x200114f0                boot_version
 .data.pLedGpio
                0x200114f4        0x4 bin/obj/led.o
                0x200114f4                pLedGpio
 .data.LedGpioPin
                0x200114f8        0x2 bin/obj/led.o
                0x200114f8                LedGpioPin
 *fill*         0x200114fa        0x2 
 .data.USBD_CDC_CfgFSDesc
                0x200114fc       0x43 bin/obj/usbd_cdc.o
                0x200114fc                USBD_CDC_CfgFSDesc
 *fill*         0x2001153f        0x1 
 .data.USBD_CDC
                0x20011540       0x38 bin/obj/usbd_cdc.o
                0x20011540                USBD_CDC
 .data.USBD_CDC_DeviceQualifierDesc
                0x20011578        0xa bin/obj/usbd_cdc.o
 *fill*         0x20011582        0x2 
 .data.USBD_CDC_OtherSpeedCfgDesc
                0x20011584       0x43 bin/obj/usbd_cdc.o
                0x20011584                USBD_CDC_OtherSpeedCfgDesc
 *fill*         0x200115c7        0x1 
 .data.USBD_CDC_CfgHSDesc
                0x200115c8       0x43 bin/obj/usbd_cdc.o
                0x200115c8                USBD_CDC_CfgHSDesc
 *fill*         0x2001160b        0x1 
 .data.LineCoding
                0x2001160c        0x8 bin/obj/usbd_cdc_interface.o
                0x2001160c                LineCoding
 .data.USBD_CDC_fops
                0x20011614       0x10 bin/obj/usbd_cdc_interface.o
                0x20011614                USBD_CDC_fops
 .data.VCP_Desc
                0x20011624       0x1c bin/obj/usbd_desc.o
                0x20011624                VCP_Desc
 .data.USBD_LangIDDesc
                0x20011640        0x4 bin/obj/usbd_desc.o
                0x20011640                USBD_LangIDDesc
 .data.USBD_DeviceDesc
                0x20011644       0x12 bin/obj/usbd_desc.o
                0x20011644                USBD_DeviceDesc
 *fill*         0x20011656        0x2 
 .data.USBD_StringSerial
                0x20011658       0x1a bin/obj/usbd_desc.o
                0x20011658                USBD_StringSerial
 *fill*         0x20011672        0x2 
 .data.SystemCoreClock
                0x20011674        0x4 bin/obj/system_stm32f7xx.o
                0x20011674                SystemCoreClock
 .data.impure_data
                0x20011678      0x428 c:/program files (x86)/gnu tools arm embedded/5.2 2015q4/bin/../lib/gcc/arm-none-eabi/5.2.1/../../../../arm-none-eabi/lib/armv7e-m/softfp/fpv5-sp-d16\libg.a(lib_a-impure.o)
 .data._impure_ptr
                0x20011aa0        0x4 c:/program files (x86)/gnu tools arm embedded/5.2 2015q4/bin/../lib/gcc/arm-none-eabi/5.2.1/../../../../arm-none-eabi/lib/armv7e-m/softfp/fpv5-sp-d16\libg.a(lib_a-impure.o)
                0x20011aa0                _impure_ptr
 .data.__malloc_av_
                0x20011aa4      0x408 c:/program files (x86)/gnu tools arm embedded/5.2 2015q4/bin/../lib/gcc/arm-none-eabi/5.2.1/../../../../arm-none-eabi/lib/armv7e-m/softfp/fpv5-sp-d16\libg.a(lib_a-mallocr.o)
                0x20011aa4                __malloc_av_
 .data.__malloc_trim_threshold
                0x20011eac        0x4 c:/program files (x86)/gnu tools arm embedded/5.2 2015q4/bin/../lib/gcc/arm-none-eabi/5.2.1/../../../../arm-none-eabi/lib/armv7e-m/softfp/fpv5-sp-d16\libg.a(lib_a-mallocr.o)
                0x20011eac                __malloc_trim_threshold
 .data.__malloc_sbrk_base
                0x20011eb0        0x4 c:/program files (x86)/gnu tools arm embedded/5.2 2015q4/bin/../lib/gcc/arm-none-eabi/5.2.1/../../../../arm-none-eabi/lib/armv7e-m/softfp/fpv5-sp-d16\libg.a(lib_a-mallocr.o)
                0x20011eb0                __malloc_sbrk_base
                0x20011eb4                . = ALIGN (0x4)
                0x20011eb4                _edata = .

.jcr            0x20011eb4        0x0 load address 0x08005bd0
 .jcr           0x20011eb4        0x0 c:/program files (x86)/gnu tools arm embedded/5.2 2015q4/bin/../lib/gcc/arm-none-eabi/5.2.1/armv7e-m/softfp/fpv5-sp-d16/crtbegin.o

.tm_clone_table
                0x20011eb4        0x0 load address 0x08005bd0
 .tm_clone_table
                0x20011eb4        0x0 c:/program files (x86)/gnu tools arm embedded/5.2 2015q4/bin/../lib/gcc/arm-none-eabi/5.2.1/armv7e-m/softfp/fpv5-sp-d16/crtbegin.o
 .tm_clone_table
                0x20011eb4        0x0 c:/program files (x86)/gnu tools arm embedded/5.2 2015q4/bin/../lib/gcc/arm-none-eabi/5.2.1/armv7e-m/softfp/fpv5-sp-d16/crtend.o

.igot.plt       0x20011eb4        0x0 load address 0x08005bd0
 .igot.plt      0x20011eb4        0x0 c:/program files (x86)/gnu tools arm embedded/5.2 2015q4/bin/../lib/gcc/arm-none-eabi/5.2.1/armv7e-m/softfp/fpv5-sp-d16/crtbegin.o
                0x20011eb4                . = ALIGN (0x4)

.bss            0x20011eb4     0x9978 load address 0x08005bd0
                0x20011eb4                _sbss = .
                0x20011eb4                __bss_start__ = _sbss
 *(.bss)
 .bss           0x20011eb4       0x1c c:/program files (x86)/gnu tools arm embedded/5.2 2015q4/bin/../lib/gcc/arm-none-eabi/5.2.1/armv7e-m/softfp/fpv5-sp-d16/crtbegin.o
 *(.bss*)
 .bss.m_mavlink_status.10100
                0x20011ed0       0x30 bin/obj/cmd.o
 .bss.app_version
                0x20011f00        0x4 bin/obj/cmd.o
                0x20011f00                app_version
 .bss.ifalt.9393
                0x20011f04        0x1 bin/obj/usbd_cdc.o
 .bss.is_opened
                0x20011f05        0x1 bin/obj/usbd_cdc_interface.o
                0x20011f05                is_opened
 *fill*         0x20011f06        0x2 
 .bss.rxd_BufPtrIn
                0x20011f08        0x4 bin/obj/usbd_cdc_interface.o
                0x20011f08                rxd_BufPtrIn
 .bss.UserTxBufPtrIn
                0x20011f0c        0x4 bin/obj/usbd_cdc_interface.o
                0x20011f0c                UserTxBufPtrIn
 .bss.rxd_BufPtrOut
                0x20011f10        0x4 bin/obj/usbd_cdc_interface.o
                0x20011f10                rxd_BufPtrOut
 .bss.UserTxBufPtrOut
                0x20011f14        0x4 bin/obj/usbd_cdc_interface.o
                0x20011f14                UserTxBufPtrOut
 .bss.heap_end.5920
                0x20011f18        0x4 bin/obj/syscalls.o
 .bss.m_mavlink_buffer.10104
                0x20011f1c      0x440 bin/obj/msg.o
 .bss.m_mavlink_status.10100
                0x2001235c       0x30 bin/obj/msg.o
 .bss.msg.10967
                0x2001238c      0x110 bin/obj/msg.o
 .bss.uwTick    0x2001249c        0x4 bin/obj/stm32f7xx_hal.o
 .bss.cfgidx.9398
                0x200124a0        0x1 bin/obj/usbd_ctlreq.o
 *fill*         0x200124a1        0x3 
 .bss.__malloc_max_total_mem
                0x200124a4        0x4 c:/program files (x86)/gnu tools arm embedded/5.2 2015q4/bin/../lib/gcc/arm-none-eabi/5.2.1/../../../../arm-none-eabi/lib/armv7e-m/softfp/fpv5-sp-d16\libg.a(lib_a-mallocr.o)
                0x200124a4                __malloc_max_total_mem
 .bss.__malloc_max_sbrked_mem
                0x200124a8        0x4 c:/program files (x86)/gnu tools arm embedded/5.2 2015q4/bin/../lib/gcc/arm-none-eabi/5.2.1/../../../../arm-none-eabi/lib/armv7e-m/softfp/fpv5-sp-d16\libg.a(lib_a-mallocr.o)
                0x200124a8                __malloc_max_sbrked_mem
 .bss.__malloc_top_pad
                0x200124ac        0x4 c:/program files (x86)/gnu tools arm embedded/5.2 2015q4/bin/../lib/gcc/arm-none-eabi/5.2.1/../../../../arm-none-eabi/lib/armv7e-m/softfp/fpv5-sp-d16\libg.a(lib_a-mallocr.o)
                0x200124ac                __malloc_top_pad
 .bss.__malloc_current_mallinfo
                0x200124b0       0x28 c:/program files (x86)/gnu tools arm embedded/5.2 2015q4/bin/../lib/gcc/arm-none-eabi/5.2.1/../../../../arm-none-eabi/lib/armv7e-m/softfp/fpv5-sp-d16\libg.a(lib_a-mallocr.o)
                0x200124b0                __malloc_current_mallinfo
 *(COMMON)
 COMMON         0x200124d8     0x4010 bin/obj/cmd.o
                0x200124d8                flash_block
 COMMON         0x200164e8      0x224 bin/obj/bsp.o
                0x200164e8                USBD_Device
 COMMON         0x2001670c     0x4c40 bin/obj/usbd_cdc_interface.o
                0x2001670c                rxd_buffer
                0x2001a70c                BuffLength
                0x2001a710                UserTxBuffer
                0x2001af10                UserRxBuffer
                0x2001b310                TimHandle
 COMMON         0x2001b34c      0x3c0 bin/obj/usbd_conf.o
                0x2001b34c                hpcd
 COMMON         0x2001b70c      0x100 bin/obj/usbd_desc.o
                0x2001b70c                USBD_StrDesc
 COMMON         0x2001b80c       0x1c bin/obj/stm32f7xx_hal_flash.o
                0x2001b80c                pFlash
 COMMON         0x2001b828        0x4 c:/program files (x86)/gnu tools arm embedded/5.2 2015q4/bin/../lib/gcc/arm-none-eabi/5.2.1/../../../../arm-none-eabi/lib/armv7e-m/softfp/fpv5-sp-d16\libg.a(lib_a-reent.o)
                0x2001b828                errno
                0x2001b82c                . = ALIGN (0x4)
                0x2001b82c                _ebss = .
                0x2001b82c                __bss_end__ = _ebss

._user_heap_stack
                0x2001b82c     0x4800 load address 0x08005bd0
                0x2001b82c                . = ALIGN (0x4)
                0x2001b82c                PROVIDE (end, .)
                [!provide]                PROVIDE (_end, .)
                0x2001d82c                . = (. + _Min_Heap_Size)
 *fill*         0x2001b82c     0x2000 
                0x2002002c                . = (. + _Min_Stack_Size)
 *fill*         0x2001d82c     0x2800 
                0x2002002c                . = ALIGN (0x4)

/DISCARD/
 libc.a(*)
 libm.a(*)
 libgcc.a(*)

.ARM.attributes
                0x00000000       0x2e
 *(.ARM.attributes)
 .ARM.attributes
                0x00000000       0x22 c:/program files (x86)/gnu tools arm embedded/5.2 2015q4/bin/../lib/gcc/arm-none-eabi/5.2.1/armv7e-m/softfp/fpv5-sp-d16/crti.o
 .ARM.attributes
                0x00000022       0x32 c:/program files (x86)/gnu tools arm embedded/5.2 2015q4/bin/../lib/gcc/arm-none-eabi/5.2.1/armv7e-m/softfp/fpv5-sp-d16/crtbegin.o
 .ARM.attributes
                0x00000054       0x37 C:\Users\IDONNO~1\AppData\Local\Temp\cc6HGpI5.o
 .ARM.attributes
                0x0000008b       0x37 bin/obj/cmd.o
 .ARM.attributes
                0x000000c2       0x37 bin/obj/bsp.o
 .ARM.attributes
                0x000000f9       0x37 bin/obj/button.o
 .ARM.attributes
                0x00000130       0x37 bin/obj/led.o
 .ARM.attributes
                0x00000167       0x37 bin/obj/usbd_cdc.o
 .ARM.attributes
                0x0000019e       0x37 bin/obj/usbd_cdc_interface.o
 .ARM.attributes
                0x000001d5       0x37 bin/obj/usbd_conf.o
 .ARM.attributes
                0x0000020c       0x37 bin/obj/usbd_desc.o
 .ARM.attributes
                0x00000243       0x37 bin/obj/stm32f7xx_it.o
 .ARM.attributes
                0x0000027a       0x37 bin/obj/syscalls.o
 .ARM.attributes
                0x000002b1       0x37 bin/obj/system_clock.o
 .ARM.attributes
                0x000002e8       0x37 bin/obj/system_stm32f7xx.o
 .ARM.attributes
                0x0000031f       0x37 bin/obj/flash.o
 .ARM.attributes
                0x00000356       0x37 bin/obj/hal.o
 .ARM.attributes
                0x0000038d       0x37 bin/obj/msg.o
 .ARM.attributes
                0x000003c4       0x37 bin/obj/util.o
 .ARM.attributes
                0x000003fb       0x37 bin/obj/vcp.o
 .ARM.attributes
                0x00000432       0x37 bin/obj/stm32f7xx_hal.o
 .ARM.attributes
                0x00000469       0x37 bin/obj/stm32f7xx_hal_cortex.o
 .ARM.attributes
                0x000004a0       0x37 bin/obj/stm32f7xx_hal_flash.o
 .ARM.attributes
                0x000004d7       0x37 bin/obj/stm32f7xx_hal_flash_ex.o
 .ARM.attributes
                0x0000050e       0x37 bin/obj/stm32f7xx_hal_gpio.o
 .ARM.attributes
                0x00000545       0x37 bin/obj/stm32f7xx_hal_msp_template.o
 .ARM.attributes
                0x0000057c       0x37 bin/obj/stm32f7xx_hal_pcd.o
 .ARM.attributes
                0x000005b3       0x37 bin/obj/stm32f7xx_hal_pcd_ex.o
 .ARM.attributes
                0x000005ea       0x37 bin/obj/stm32f7xx_hal_pwr_ex.o
 .ARM.attributes
                0x00000621       0x37 bin/obj/stm32f7xx_hal_rcc.o
 .ARM.attributes
                0x00000658       0x37 bin/obj/stm32f7xx_hal_tim.o
 .ARM.attributes
                0x0000068f       0x37 bin/obj/stm32f7xx_hal_tim_ex.o
 .ARM.attributes
                0x000006c6       0x37 bin/obj/stm32f7xx_ll_usb.o
 .ARM.attributes
                0x000006fd       0x37 bin/obj/usbd_core.o
 .ARM.attributes
                0x00000734       0x37 bin/obj/usbd_ctlreq.o
 .ARM.attributes
                0x0000076b       0x37 bin/obj/usbd_ioreq.o
 .ARM.attributes
                0x000007a2       0x21 bin/obj/startup_stm32f746xx.o
 .ARM.attributes
                0x000007c3       0x32 c:/program files (x86)/gnu tools arm embedded/5.2 2015q4/bin/../lib/gcc/arm-none-eabi/5.2.1/../../../../arm-none-eabi/lib/armv7e-m/softfp/fpv5-sp-d16\libg.a(lib_a-impure.o)
 .ARM.attributes
                0x000007f5       0x32 c:/program files (x86)/gnu tools arm embedded/5.2 2015q4/bin/../lib/gcc/arm-none-eabi/5.2.1/../../../../arm-none-eabi/lib/armv7e-m/softfp/fpv5-sp-d16\libg.a(lib_a-init.o)
 .ARM.attributes
                0x00000827       0x32 c:/program files (x86)/gnu tools arm embedded/5.2 2015q4/bin/../lib/gcc/arm-none-eabi/5.2.1/../../../../arm-none-eabi/lib/armv7e-m/softfp/fpv5-sp-d16\libg.a(lib_a-malloc.o)
 .ARM.attributes
                0x00000859       0x32 c:/program files (x86)/gnu tools arm embedded/5.2 2015q4/bin/../lib/gcc/arm-none-eabi/5.2.1/../../../../arm-none-eabi/lib/armv7e-m/softfp/fpv5-sp-d16\libg.a(lib_a-mallocr.o)
 .ARM.attributes
                0x0000088b       0x20 c:/program files (x86)/gnu tools arm embedded/5.2 2015q4/bin/../lib/gcc/arm-none-eabi/5.2.1/../../../../arm-none-eabi/lib/armv7e-m/softfp/fpv5-sp-d16\libg.a(lib_a-memcpy.o)
 .ARM.attributes
                0x000008ab       0x32 c:/program files (x86)/gnu tools arm embedded/5.2 2015q4/bin/../lib/gcc/arm-none-eabi/5.2.1/../../../../arm-none-eabi/lib/armv7e-m/softfp/fpv5-sp-d16\libg.a(lib_a-memset.o)
 .ARM.attributes
                0x000008dd       0x32 c:/program files (x86)/gnu tools arm embedded/5.2 2015q4/bin/../lib/gcc/arm-none-eabi/5.2.1/../../../../arm-none-eabi/lib/armv7e-m/softfp/fpv5-sp-d16\libg.a(lib_a-mlock.o)
 .ARM.attributes
                0x0000090f       0x32 c:/program files (x86)/gnu tools arm embedded/5.2 2015q4/bin/../lib/gcc/arm-none-eabi/5.2.1/../../../../arm-none-eabi/lib/armv7e-m/softfp/fpv5-sp-d16\libg.a(lib_a-reent.o)
 .ARM.attributes
                0x00000941       0x32 c:/program files (x86)/gnu tools arm embedded/5.2 2015q4/bin/../lib/gcc/arm-none-eabi/5.2.1/../../../../arm-none-eabi/lib/armv7e-m/softfp/fpv5-sp-d16\libg.a(lib_a-sbrkr.o)
 .ARM.attributes
                0x00000973       0x32 c:/program files (x86)/gnu tools arm embedded/5.2 2015q4/bin/../lib/gcc/arm-none-eabi/5.2.1/../../../../arm-none-eabi/lib/armv7e-m/softfp/fpv5-sp-d16\libg.a(lib_a-__call_atexit.o)
 .ARM.attributes
                0x000009a5       0x32 c:/program files (x86)/gnu tools arm embedded/5.2 2015q4/bin/../lib/gcc/arm-none-eabi/5.2.1/../../../../arm-none-eabi/lib/armv7e-m/softfp/fpv5-sp-d16\libg.a(lib_a-atexit.o)
 .ARM.attributes
                0x000009d7       0x32 c:/program files (x86)/gnu tools arm embedded/5.2 2015q4/bin/../lib/gcc/arm-none-eabi/5.2.1/../../../../arm-none-eabi/lib/armv7e-m/softfp/fpv5-sp-d16\libg.a(lib_a-fini.o)
 .ARM.attributes
                0x00000a09       0x32 c:/program files (x86)/gnu tools arm embedded/5.2 2015q4/bin/../lib/gcc/arm-none-eabi/5.2.1/../../../../arm-none-eabi/lib/armv7e-m/softfp/fpv5-sp-d16\libg.a(lib_a-freer.o)
 .ARM.attributes
                0x00000a3b       0x32 c:/program files (x86)/gnu tools arm embedded/5.2 2015q4/bin/../lib/gcc/arm-none-eabi/5.2.1/../../../../arm-none-eabi/lib/armv7e-m/softfp/fpv5-sp-d16\libg.a(lib_a-__atexit.o)
 .ARM.attributes
                0x00000a6d       0x32 c:/program files (x86)/gnu tools arm embedded/5.2 2015q4/bin/../lib/gcc/arm-none-eabi/5.2.1/armv7e-m/softfp/fpv5-sp-d16/crtend.o
 .ARM.attributes
                0x00000a9f       0x22 c:/program files (x86)/gnu tools arm embedded/5.2 2015q4/bin/../lib/gcc/arm-none-eabi/5.2.1/armv7e-m/softfp/fpv5-sp-d16/crtn.o

.RxDecripSection
 *(.RxDecripSection)

.TxDescripSection
 *(.TxDescripSection)

.RxBUF
 *(.RxBUF)

.TxBUF
 *(.TxBUF)

.ExtQSPIFlashSection
 *(.ExtQSPIFlashSection)

.RamData1
 *(.RamData1)

.RamData2
 *(.RamData2)
OUTPUT(bin/opencr_boot.elf elf32-littlearm)

.debug_info     0x00000000    0x17fa9
 .debug_info    0x00000000      0x463 C:\Users\IDONNO~1\AppData\Local\Temp\cc6HGpI5.o
 .debug_info    0x00000463     0x1285 bin/obj/cmd.o
 .debug_info    0x000016e8      0xb2c bin/obj/bsp.o
 .debug_info    0x00002214      0x106 bin/obj/button.o
 .debug_info    0x0000231a      0x52b bin/obj/led.o
 .debug_info    0x00002845      0xcf0 bin/obj/usbd_cdc.o
 .debug_info    0x00003535      0xf30 bin/obj/usbd_cdc_interface.o
 .debug_info    0x00004465     0x199a bin/obj/usbd_conf.o
 .debug_info    0x00005dff      0x5d4 bin/obj/usbd_desc.o
 .debug_info    0x000063d3      0xb13 bin/obj/stm32f7xx_it.o
 .debug_info    0x00006ee6      0x741 bin/obj/syscalls.o
 .debug_info    0x00007627      0x295 bin/obj/system_clock.o
 .debug_info    0x000078bc      0x69e bin/obj/system_stm32f7xx.o
 .debug_info    0x00007f5a      0x484 bin/obj/flash.o
 .debug_info    0x000083de       0xc7 bin/obj/hal.o
 .debug_info    0x000084a5      0xf48 bin/obj/msg.o
 .debug_info    0x000093ed       0xfa bin/obj/util.o
 .debug_info    0x000094e7      0x324 bin/obj/vcp.o
 .debug_info    0x0000980b      0x962 bin/obj/stm32f7xx_hal.o
 .debug_info    0x0000a16d     0x10a9 bin/obj/stm32f7xx_hal_cortex.o
 .debug_info    0x0000b216      0x77d bin/obj/stm32f7xx_hal_flash.o
 .debug_info    0x0000b993      0x9fa bin/obj/stm32f7xx_hal_flash_ex.o
 .debug_info    0x0000c38d      0x74e bin/obj/stm32f7xx_hal_gpio.o
 .debug_info    0x0000cadb       0xb8 bin/obj/stm32f7xx_hal_msp_template.o
 .debug_info    0x0000cb93     0x13eb bin/obj/stm32f7xx_hal_pcd.o
 .debug_info    0x0000df7e      0x6fe bin/obj/stm32f7xx_hal_pcd_ex.o
 .debug_info    0x0000e67c      0x9b0 bin/obj/stm32f7xx_hal_pwr_ex.o
 .debug_info    0x0000f02c      0xd34 bin/obj/stm32f7xx_hal_rcc.o
 .debug_info    0x0000fd60     0x32d1 bin/obj/stm32f7xx_hal_tim.o
 .debug_info    0x00013031     0x14cb bin/obj/stm32f7xx_hal_tim_ex.o
 .debug_info    0x000144fc     0x194e bin/obj/stm32f7xx_ll_usb.o
 .debug_info    0x00015e4a      0xbe8 bin/obj/usbd_core.o
 .debug_info    0x00016a32      0xd98 bin/obj/usbd_ctlreq.o
 .debug_info    0x000177ca      0x766 bin/obj/usbd_ioreq.o
 .debug_info    0x00017f30       0x79 bin/obj/startup_stm32f746xx.o

.debug_abbrev   0x00000000     0x46af
 .debug_abbrev  0x00000000      0x18a C:\Users\IDONNO~1\AppData\Local\Temp\cc6HGpI5.o
 .debug_abbrev  0x0000018a      0x314 bin/obj/cmd.o
 .debug_abbrev  0x0000049e      0x1e0 bin/obj/bsp.o
 .debug_abbrev  0x0000067e       0x92 bin/obj/button.o
 .debug_abbrev  0x00000710      0x197 bin/obj/led.o
 .debug_abbrev  0x000008a7      0x247 bin/obj/usbd_cdc.o
 .debug_abbrev  0x00000aee      0x375 bin/obj/usbd_cdc_interface.o
 .debug_abbrev  0x00000e63      0x2a2 bin/obj/usbd_conf.o
 .debug_abbrev  0x00001105      0x219 bin/obj/usbd_desc.o
 .debug_abbrev  0x0000131e      0x1e9 bin/obj/stm32f7xx_it.o
 .debug_abbrev  0x00001507      0x1e5 bin/obj/syscalls.o
 .debug_abbrev  0x000016ec      0x11b bin/obj/system_clock.o
 .debug_abbrev  0x00001807      0x11d bin/obj/system_stm32f7xx.o
 .debug_abbrev  0x00001924      0x14f bin/obj/flash.o
 .debug_abbrev  0x00001a73       0x65 bin/obj/hal.o
 .debug_abbrev  0x00001ad8      0x2d9 bin/obj/msg.o
 .debug_abbrev  0x00001db1       0x88 bin/obj/util.o
 .debug_abbrev  0x00001e39      0x1d6 bin/obj/vcp.o
 .debug_abbrev  0x0000200f      0x1c8 bin/obj/stm32f7xx_hal.o
 .debug_abbrev  0x000021d7      0x30e bin/obj/stm32f7xx_hal_cortex.o
 .debug_abbrev  0x000024e5      0x2f8 bin/obj/stm32f7xx_hal_flash.o
 .debug_abbrev  0x000027dd      0x2cb bin/obj/stm32f7xx_hal_flash_ex.o
 .debug_abbrev  0x00002aa8      0x1c8 bin/obj/stm32f7xx_hal_gpio.o
 .debug_abbrev  0x00002c70       0x70 bin/obj/stm32f7xx_hal_msp_template.o
 .debug_abbrev  0x00002ce0      0x30c bin/obj/stm32f7xx_hal_pcd.o
 .debug_abbrev  0x00002fec      0x1a7 bin/obj/stm32f7xx_hal_pcd_ex.o
 .debug_abbrev  0x00003193      0x1c6 bin/obj/stm32f7xx_hal_pwr_ex.o
 .debug_abbrev  0x00003359      0x302 bin/obj/stm32f7xx_hal_rcc.o
 .debug_abbrev  0x0000365b      0x333 bin/obj/stm32f7xx_hal_tim.o
 .debug_abbrev  0x0000398e      0x2ed bin/obj/stm32f7xx_hal_tim_ex.o
 .debug_abbrev  0x00003c7b      0x357 bin/obj/stm32f7xx_ll_usb.o
 .debug_abbrev  0x00003fd2      0x270 bin/obj/usbd_core.o
 .debug_abbrev  0x00004242      0x306 bin/obj/usbd_ctlreq.o
 .debug_abbrev  0x00004548      0x155 bin/obj/usbd_ioreq.o
 .debug_abbrev  0x0000469d       0x12 bin/obj/startup_stm32f746xx.o

.debug_loc      0x00000000     0xf5df
 .debug_loc     0x00000000       0xc8 C:\Users\IDONNO~1\AppData\Local\Temp\cc6HGpI5.o
 .debug_loc     0x000000c8      0xa18 bin/obj/cmd.o
 .debug_loc     0x00000ae0       0x21 bin/obj/button.o
 .debug_loc     0x00000b01       0x83 bin/obj/led.o
 .debug_loc     0x00000b84      0x4e3 bin/obj/usbd_cdc.o
 .debug_loc     0x00001067      0x472 bin/obj/usbd_cdc_interface.o
 .debug_loc     0x000014d9      0x6cd bin/obj/usbd_conf.o
 .debug_loc     0x00001ba6      0x325 bin/obj/usbd_desc.o
 .debug_loc     0x00001ecb      0x364 bin/obj/syscalls.o
 .debug_loc     0x0000222f       0x35 bin/obj/system_clock.o
 .debug_loc     0x00002264      0x162 bin/obj/system_stm32f7xx.o
 .debug_loc     0x000023c6      0x3bd bin/obj/flash.o
 .debug_loc     0x00002783     0x161f bin/obj/msg.o
 .debug_loc     0x00003da2       0xf3 bin/obj/vcp.o
 .debug_loc     0x00003e95       0x6a bin/obj/stm32f7xx_hal.o
 .debug_loc     0x00003eff      0x5ff bin/obj/stm32f7xx_hal_cortex.o
 .debug_loc     0x000044fe      0x373 bin/obj/stm32f7xx_hal_flash.o
 .debug_loc     0x00004871      0x5f2 bin/obj/stm32f7xx_hal_flash_ex.o
 .debug_loc     0x00004e63      0x3f9 bin/obj/stm32f7xx_hal_gpio.o
 .debug_loc     0x0000525c      0xf96 bin/obj/stm32f7xx_hal_pcd.o
 .debug_loc     0x000061f2      0x14a bin/obj/stm32f7xx_hal_pcd_ex.o
 .debug_loc     0x0000633c      0x257 bin/obj/stm32f7xx_hal_pwr_ex.o
 .debug_loc     0x00006593      0x610 bin/obj/stm32f7xx_hal_rcc.o
 .debug_loc     0x00006ba3     0x45eb bin/obj/stm32f7xx_hal_tim.o
 .debug_loc     0x0000b18e     0x1405 bin/obj/stm32f7xx_hal_tim_ex.o
 .debug_loc     0x0000c593     0x1c20 bin/obj/stm32f7xx_ll_usb.o
 .debug_loc     0x0000e1b3      0x724 bin/obj/usbd_core.o
 .debug_loc     0x0000e8d7      0xacc bin/obj/usbd_ctlreq.o
 .debug_loc     0x0000f3a3      0x23c bin/obj/usbd_ioreq.o

.debug_aranges  0x00000000     0x10a0
 .debug_aranges
                0x00000000       0x30 C:\Users\IDONNO~1\AppData\Local\Temp\cc6HGpI5.o
 .debug_aranges
                0x00000030       0x78 bin/obj/cmd.o
 .debug_aranges
                0x000000a8       0x20 bin/obj/bsp.o
 .debug_aranges
                0x000000c8       0x28 bin/obj/button.o
 .debug_aranges
                0x000000f0       0x38 bin/obj/led.o
 .debug_aranges
                0x00000128       0x90 bin/obj/usbd_cdc.o
 .debug_aranges
                0x000001b8       0x58 bin/obj/usbd_cdc_interface.o
 .debug_aranges
                0x00000210       0xf8 bin/obj/usbd_conf.o
 .debug_aranges
                0x00000308       0x58 bin/obj/usbd_desc.o
 .debug_aranges
                0x00000360       0x58 bin/obj/stm32f7xx_it.o
 .debug_aranges
                0x000003b8       0xb8 bin/obj/syscalls.o
 .debug_aranges
                0x00000470       0x20 bin/obj/system_clock.o
 .debug_aranges
                0x00000490       0x28 bin/obj/system_stm32f7xx.o
 .debug_aranges
                0x000004b8       0x48 bin/obj/flash.o
 .debug_aranges
                0x00000500       0x20 bin/obj/hal.o
 .debug_aranges
                0x00000520       0x30 bin/obj/msg.o
 .debug_aranges
                0x00000550       0x20 bin/obj/util.o
 .debug_aranges
                0x00000570       0x48 bin/obj/vcp.o
 .debug_aranges
                0x000005b8       0xc8 bin/obj/stm32f7xx_hal.o
 .debug_aranges
                0x00000680       0x98 bin/obj/stm32f7xx_hal_cortex.o
 .debug_aranges
                0x00000718       0x78 bin/obj/stm32f7xx_hal_flash.o
 .debug_aranges
                0x00000790       0x40 bin/obj/stm32f7xx_hal_flash_ex.o
 .debug_aranges
                0x000007d0       0x58 bin/obj/stm32f7xx_hal_gpio.o
 .debug_aranges
                0x00000828       0x20 bin/obj/stm32f7xx_hal_msp_template.o
 .debug_aranges
                0x00000848       0xc0 bin/obj/stm32f7xx_hal_pcd.o
 .debug_aranges
                0x00000908       0x40 bin/obj/stm32f7xx_hal_pcd_ex.o
 .debug_aranges
                0x00000948       0x80 bin/obj/stm32f7xx_hal_pwr_ex.o
 .debug_aranges
                0x000009c8       0x88 bin/obj/stm32f7xx_hal_rcc.o
 .debug_aranges
                0x00000a50      0x250 bin/obj/stm32f7xx_hal_tim.o
 .debug_aranges
                0x00000ca0      0x118 bin/obj/stm32f7xx_hal_tim_ex.o
 .debug_aranges
                0x00000db8      0x180 bin/obj/stm32f7xx_ll_usb.o
 .debug_aranges
                0x00000f38       0xa8 bin/obj/usbd_core.o
 .debug_aranges
                0x00000fe0       0x48 bin/obj/usbd_ctlreq.o
 .debug_aranges
                0x00001028       0x50 bin/obj/usbd_ioreq.o
 .debug_aranges
                0x00001078       0x28 bin/obj/startup_stm32f746xx.o

.debug_ranges   0x00000000     0x2100
 .debug_ranges  0x00000000       0x20 C:\Users\IDONNO~1\AppData\Local\Temp\cc6HGpI5.o
 .debug_ranges  0x00000020      0x2c8 bin/obj/cmd.o
 .debug_ranges  0x000002e8       0x38 bin/obj/bsp.o
 .debug_ranges  0x00000320       0x18 bin/obj/button.o
 .debug_ranges  0x00000338       0x60 bin/obj/led.o
 .debug_ranges  0x00000398       0x80 bin/obj/usbd_cdc.o
 .debug_ranges  0x00000418       0x78 bin/obj/usbd_cdc_interface.o
 .debug_ranges  0x00000490      0x1b8 bin/obj/usbd_conf.o
 .debug_ranges  0x00000648       0x90 bin/obj/usbd_desc.o
 .debug_ranges  0x000006d8       0x48 bin/obj/stm32f7xx_it.o
 .debug_ranges  0x00000720       0xa8 bin/obj/syscalls.o
 .debug_ranges  0x000007c8       0x10 bin/obj/system_clock.o
 .debug_ranges  0x000007d8       0x18 bin/obj/system_stm32f7xx.o
 .debug_ranges  0x000007f0       0x38 bin/obj/flash.o
 .debug_ranges  0x00000828       0x10 bin/obj/hal.o
 .debug_ranges  0x00000838      0x3a0 bin/obj/msg.o
 .debug_ranges  0x00000bd8       0x10 bin/obj/util.o
 .debug_ranges  0x00000be8       0x38 bin/obj/vcp.o
 .debug_ranges  0x00000c20       0xb8 bin/obj/stm32f7xx_hal.o
 .debug_ranges  0x00000cd8      0x188 bin/obj/stm32f7xx_hal_cortex.o
 .debug_ranges  0x00000e60       0xc8 bin/obj/stm32f7xx_hal_flash.o
 .debug_ranges  0x00000f28      0x148 bin/obj/stm32f7xx_hal_flash_ex.o
 .debug_ranges  0x00001070       0x80 bin/obj/stm32f7xx_hal_gpio.o
 .debug_ranges  0x000010f0       0x10 bin/obj/stm32f7xx_hal_msp_template.o
 .debug_ranges  0x00001100       0xe8 bin/obj/stm32f7xx_hal_pcd.o
 .debug_ranges  0x000011e8       0x30 bin/obj/stm32f7xx_hal_pcd_ex.o
 .debug_ranges  0x00001218      0x118 bin/obj/stm32f7xx_hal_pwr_ex.o
 .debug_ranges  0x00001330      0x240 bin/obj/stm32f7xx_hal_rcc.o
 .debug_ranges  0x00001570      0x5d0 bin/obj/stm32f7xx_hal_tim.o
 .debug_ranges  0x00001b40      0x208 bin/obj/stm32f7xx_hal_tim_ex.o
 .debug_ranges  0x00001d48      0x1d8 bin/obj/stm32f7xx_ll_usb.o
 .debug_ranges  0x00001f20       0x98 bin/obj/usbd_core.o
 .debug_ranges  0x00001fb8       0xe8 bin/obj/usbd_ctlreq.o
 .debug_ranges  0x000020a0       0x40 bin/obj/usbd_ioreq.o
 .debug_ranges  0x000020e0       0x20 bin/obj/startup_stm32f746xx.o

.debug_line     0x00000000     0x9121
 .debug_line    0x00000000      0x217 C:\Users\IDONNO~1\AppData\Local\Temp\cc6HGpI5.o
 .debug_line    0x00000217      0x75a bin/obj/cmd.o
 .debug_line    0x00000971      0x270 bin/obj/bsp.o
 .debug_line    0x00000be1      0x14d bin/obj/button.o
 .debug_line    0x00000d2e      0x1ee bin/obj/led.o
 .debug_line    0x00000f1c      0x392 bin/obj/usbd_cdc.o
 .debug_line    0x000012ae      0x364 bin/obj/usbd_cdc_interface.o
 .debug_line    0x00001612      0x52b bin/obj/usbd_conf.o
 .debug_line    0x00001b3d      0x251 bin/obj/usbd_desc.o
 .debug_line    0x00001d8e      0x275 bin/obj/stm32f7xx_it.o
 .debug_line    0x00002003      0x2e6 bin/obj/syscalls.o
 .debug_line    0x000022e9      0x1d5 bin/obj/system_clock.o
 .debug_line    0x000024be      0x1a7 bin/obj/system_stm32f7xx.o
 .debug_line    0x00002665      0x274 bin/obj/flash.o
 .debug_line    0x000028d9      0x133 bin/obj/hal.o
 .debug_line    0x00002a0c      0x551 bin/obj/msg.o
 .debug_line    0x00002f5d      0x16c bin/obj/util.o
 .debug_line    0x000030c9      0x293 bin/obj/vcp.o
 .debug_line    0x0000335c      0x376 bin/obj/stm32f7xx_hal.o
 .debug_line    0x000036d2      0x40f bin/obj/stm32f7xx_hal_cortex.o
 .debug_line    0x00003ae1      0x493 bin/obj/stm32f7xx_hal_flash.o
 .debug_line    0x00003f74      0x414 bin/obj/stm32f7xx_hal_flash_ex.o
 .debug_line    0x00004388      0x411 bin/obj/stm32f7xx_hal_gpio.o
 .debug_line    0x00004799      0x164 bin/obj/stm32f7xx_hal_msp_template.o
 .debug_line    0x000048fd      0x7cf bin/obj/stm32f7xx_hal_pcd.o
 .debug_line    0x000050cc      0x2be bin/obj/stm32f7xx_hal_pcd_ex.o
 .debug_line    0x0000538a      0x387 bin/obj/stm32f7xx_hal_pwr_ex.o
 .debug_line    0x00005711      0x683 bin/obj/stm32f7xx_hal_rcc.o
 .debug_line    0x00005d94     0x1684 bin/obj/stm32f7xx_hal_tim.o
 .debug_line    0x00007418      0xa0f bin/obj/stm32f7xx_hal_tim_ex.o
 .debug_line    0x00007e27      0x969 bin/obj/stm32f7xx_ll_usb.o
 .debug_line    0x00008790      0x3b9 bin/obj/usbd_core.o
 .debug_line    0x00008b49      0x325 bin/obj/usbd_ctlreq.o
 .debug_line    0x00008e6e      0x229 bin/obj/usbd_ioreq.o
 .debug_line    0x00009097       0x8a bin/obj/startup_stm32f746xx.o

.debug_str      0x00000000     0x5a41
 .debug_str     0x00000000      0x332 C:\Users\IDONNO~1\AppData\Local\Temp\cc6HGpI5.o
                                0x3a6 (size before relaxing)
 .debug_str     0x00000332      0x5b4 bin/obj/cmd.o
                                0xa79 (size before relaxing)
 .debug_str     0x000008e6      0xac2 bin/obj/bsp.o
                                0xd57 (size before relaxing)
 .debug_str     0x000013a8       0x2f bin/obj/button.o
                                0x1fe (size before relaxing)
 .debug_str     0x000013d7       0xec bin/obj/led.o
                                0x416 (size before relaxing)
 .debug_str     0x000014c3      0x2bf bin/obj/usbd_cdc.o
                                0x898 (size before relaxing)
 .debug_str     0x00001782      0x679 bin/obj/usbd_cdc_interface.o
                                0xd01 (size before relaxing)
 .debug_str     0x00001dfb      0x740 bin/obj/usbd_conf.o
                               0x14f0 (size before relaxing)
 .debug_str     0x0000253b      0x183 bin/obj/usbd_desc.o
                                0x47e (size before relaxing)
 .debug_str     0x000026be       0xe3 bin/obj/stm32f7xx_it.o
                                0xa90 (size before relaxing)
 .debug_str     0x000027a1      0x263 bin/obj/syscalls.o
                                0x42a (size before relaxing)
 .debug_str     0x00002a04      0x185 bin/obj/system_clock.o
                                0x36a (size before relaxing)
 .debug_str     0x00002b89      0x192 bin/obj/system_stm32f7xx.o
                                0x477 (size before relaxing)
 .debug_str     0x00002d1b      0x131 bin/obj/flash.o
                                0x3c4 (size before relaxing)
 .debug_str     0x00002e4c       0x11 bin/obj/hal.o
                                0x1cb (size before relaxing)
 .debug_str     0x00002e5d      0x19e bin/obj/msg.o
                                0x67d (size before relaxing)
 .debug_str     0x00002ffb       0x1e bin/obj/util.o
                                0x1ea (size before relaxing)
 .debug_str     0x00003019       0x64 bin/obj/vcp.o
                                0x2a6 (size before relaxing)
 .debug_str     0x0000307d      0x2bb bin/obj/stm32f7xx_hal.o
                                0xbb2 (size before relaxing)
 .debug_str     0x00003338      0x32e bin/obj/stm32f7xx_hal_cortex.o
                                0xd7d (size before relaxing)
 .debug_str     0x00003666      0x240 bin/obj/stm32f7xx_hal_flash.o
                                0x533 (size before relaxing)
 .debug_str     0x000038a6      0x253 bin/obj/stm32f7xx_hal_flash_ex.o
                                0x61c (size before relaxing)
 .debug_str     0x00003af9       0xf4 bin/obj/stm32f7xx_hal_gpio.o
                                0x51d (size before relaxing)
 .debug_str     0x00003bed       0x53 bin/obj/stm32f7xx_hal_msp_template.o
                                0x1eb (size before relaxing)
 .debug_str     0x00003c40      0x4d5 bin/obj/stm32f7xx_hal_pcd.o
                                0xbb3 (size before relaxing)
 .debug_str     0x00004115       0x84 bin/obj/stm32f7xx_hal_pcd_ex.o
                                0x68c (size before relaxing)
 .debug_str     0x00004199      0x200 bin/obj/stm32f7xx_hal_pwr_ex.o
                                0x678 (size before relaxing)
 .debug_str     0x00004399      0x161 bin/obj/stm32f7xx_hal_rcc.o
                                0x6f3 (size before relaxing)
 .debug_str     0x000044fa      0xa8e bin/obj/stm32f7xx_hal_tim.o
                               0x119c (size before relaxing)
 .debug_str     0x00004f88      0x4c5 bin/obj/stm32f7xx_hal_tim_ex.o
                                0xdb9 (size before relaxing)
 .debug_str     0x0000544d      0x3aa bin/obj/stm32f7xx_ll_usb.o
                                0xbe0 (size before relaxing)
 .debug_str     0x000057f7      0x133 bin/obj/usbd_core.o
                                0x832 (size before relaxing)
 .debug_str     0x0000592a       0xcd bin/obj/usbd_ctlreq.o
                                0x764 (size before relaxing)
 .debug_str     0x000059f7       0x4a bin/obj/usbd_ioreq.o
                                0x691 (size before relaxing)

.comment        0x00000000       0x6e
 .comment       0x00000000       0x6e C:\Users\IDONNO~1\AppData\Local\Temp\cc6HGpI5.o
                                 0x6f (size before relaxing)
 .comment       0x0000006e       0x6f bin/obj/cmd.o
 .comment       0x0000006e       0x6f bin/obj/bsp.o
 .comment       0x0000006e       0x6f bin/obj/button.o
 .comment       0x0000006e       0x6f bin/obj/led.o
 .comment       0x0000006e       0x6f bin/obj/usbd_cdc.o
 .comment       0x0000006e       0x6f bin/obj/usbd_cdc_interface.o
 .comment       0x0000006e       0x6f bin/obj/usbd_conf.o
 .comment       0x0000006e       0x6f bin/obj/usbd_desc.o
 .comment       0x0000006e       0x6f bin/obj/stm32f7xx_it.o
 .comment       0x0000006e       0x6f bin/obj/syscalls.o
 .comment       0x0000006e       0x6f bin/obj/system_clock.o
 .comment       0x0000006e       0x6f bin/obj/system_stm32f7xx.o
 .comment       0x0000006e       0x6f bin/obj/flash.o
 .comment       0x0000006e       0x6f bin/obj/hal.o
 .comment       0x0000006e       0x6f bin/obj/msg.o
 .comment       0x0000006e       0x6f bin/obj/util.o
 .comment       0x0000006e       0x6f bin/obj/vcp.o
 .comment       0x0000006e       0x6f bin/obj/stm32f7xx_hal.o
 .comment       0x0000006e       0x6f bin/obj/stm32f7xx_hal_cortex.o
 .comment       0x0000006e       0x6f bin/obj/stm32f7xx_hal_flash.o
 .comment       0x0000006e       0x6f bin/obj/stm32f7xx_hal_flash_ex.o
 .comment       0x0000006e       0x6f bin/obj/stm32f7xx_hal_gpio.o
 .comment       0x0000006e       0x6f bin/obj/stm32f7xx_hal_msp_template.o
 .comment       0x0000006e       0x6f bin/obj/stm32f7xx_hal_pcd.o
 .comment       0x0000006e       0x6f bin/obj/stm32f7xx_hal_pcd_ex.o
 .comment       0x0000006e       0x6f bin/obj/stm32f7xx_hal_pwr_ex.o
 .comment       0x0000006e       0x6f bin/obj/stm32f7xx_hal_rcc.o
 .comment       0x0000006e       0x6f bin/obj/stm32f7xx_hal_tim.o
 .comment       0x0000006e       0x6f bin/obj/stm32f7xx_hal_tim_ex.o
 .comment       0x0000006e       0x6f bin/obj/stm32f7xx_ll_usb.o
 .comment       0x0000006e       0x6f bin/obj/usbd_core.o
 .comment       0x0000006e       0x6f bin/obj/usbd_ctlreq.o
 .comment       0x0000006e       0x6f bin/obj/usbd_ioreq.o

.debug_frame    0x00000000     0x3328
 .debug_frame   0x00000000       0x64 C:\Users\IDONNO~1\AppData\Local\Temp\cc6HGpI5.o
 .debug_frame   0x00000064      0x1e4 bin/obj/cmd.o
 .debug_frame   0x00000248       0x34 bin/obj/bsp.o
 .debug_frame   0x0000027c       0x30 bin/obj/button.o
 .debug_frame   0x000002ac       0x64 bin/obj/led.o
 .debug_frame   0x00000310      0x150 bin/obj/usbd_cdc.o
 .debug_frame   0x00000460       0xec bin/obj/usbd_cdc_interface.o
 .debug_frame   0x0000054c      0x268 bin/obj/usbd_conf.o
 .debug_frame   0x000007b4       0xc8 bin/obj/usbd_desc.o
 .debug_frame   0x0000087c       0xe0 bin/obj/stm32f7xx_it.o
 .debug_frame   0x0000095c      0x178 bin/obj/syscalls.o
 .debug_frame   0x00000ad4       0x34 bin/obj/system_clock.o
 .debug_frame   0x00000b08       0x4c bin/obj/system_stm32f7xx.o
 .debug_frame   0x00000b54       0xb8 bin/obj/flash.o
 .debug_frame   0x00000c0c       0x20 bin/obj/hal.o
 .debug_frame   0x00000c2c       0x80 bin/obj/msg.o
 .debug_frame   0x00000cac       0x20 bin/obj/util.o
 .debug_frame   0x00000ccc       0xac bin/obj/vcp.o
 .debug_frame   0x00000d78      0x1b0 bin/obj/stm32f7xx_hal.o
 .debug_frame   0x00000f28      0x17c bin/obj/stm32f7xx_hal_cortex.o
 .debug_frame   0x000010a4      0x12c bin/obj/stm32f7xx_hal_flash.o
 .debug_frame   0x000011d0       0xa4 bin/obj/stm32f7xx_hal_flash_ex.o
 .debug_frame   0x00001274       0xe0 bin/obj/stm32f7xx_hal_gpio.o
 .debug_frame   0x00001354       0x50 bin/obj/stm32f7xx_hal_msp_template.o
 .debug_frame   0x000013a4      0x2ec bin/obj/stm32f7xx_hal_pcd.o
 .debug_frame   0x00001690       0x90 bin/obj/stm32f7xx_hal_pcd_ex.o
 .debug_frame   0x00001720      0x15c bin/obj/stm32f7xx_hal_pwr_ex.o
 .debug_frame   0x0000187c      0x1a0 bin/obj/stm32f7xx_hal_rcc.o
 .debug_frame   0x00001a1c      0x994 bin/obj/stm32f7xx_hal_tim.o
 .debug_frame   0x000023b0      0x46c bin/obj/stm32f7xx_hal_tim_ex.o
 .debug_frame   0x0000281c      0x4e4 bin/obj/stm32f7xx_ll_usb.o
 .debug_frame   0x00002d00      0x1c4 bin/obj/usbd_core.o
 .debug_frame   0x00002ec4       0xbc bin/obj/usbd_ctlreq.o
 .debug_frame   0x00002f80       0xc0 bin/obj/usbd_ioreq.o
 .debug_frame   0x00003040       0x2c c:/program files (x86)/gnu tools arm embedded/5.2 2015q4/bin/../lib/gcc/arm-none-eabi/5.2.1/../../../../arm-none-eabi/lib/armv7e-m/softfp/fpv5-sp-d16\libg.a(lib_a-init.o)
 .debug_frame   0x0000306c       0x30 c:/program files (x86)/gnu tools arm embedded/5.2 2015q4/bin/../lib/gcc/arm-none-eabi/5.2.1/../../../../arm-none-eabi/lib/armv7e-m/softfp/fpv5-sp-d16\libg.a(lib_a-malloc.o)
 .debug_frame   0x0000309c       0x58 c:/program files (x86)/gnu tools arm embedded/5.2 2015q4/bin/../lib/gcc/arm-none-eabi/5.2.1/../../../../arm-none-eabi/lib/armv7e-m/softfp/fpv5-sp-d16\libg.a(lib_a-mallocr.o)
 .debug_frame   0x000030f4       0x34 c:/program files (x86)/gnu tools arm embedded/5.2 2015q4/bin/../lib/gcc/arm-none-eabi/5.2.1/../../../../arm-none-eabi/lib/armv7e-m/softfp/fpv5-sp-d16\libg.a(lib_a-memset.o)
 .debug_frame   0x00003128       0x30 c:/program files (x86)/gnu tools arm embedded/5.2 2015q4/bin/../lib/gcc/arm-none-eabi/5.2.1/../../../../arm-none-eabi/lib/armv7e-m/softfp/fpv5-sp-d16\libg.a(lib_a-mlock.o)
 .debug_frame   0x00003158       0x58 c:/program files (x86)/gnu tools arm embedded/5.2 2015q4/bin/../lib/gcc/arm-none-eabi/5.2.1/../../../../arm-none-eabi/lib/armv7e-m/softfp/fpv5-sp-d16\libg.a(lib_a-reent.o)
 .debug_frame   0x000031b0       0x2c c:/program files (x86)/gnu tools arm embedded/5.2 2015q4/bin/../lib/gcc/arm-none-eabi/5.2.1/../../../../arm-none-eabi/lib/armv7e-m/softfp/fpv5-sp-d16\libg.a(lib_a-sbrkr.o)
 .debug_frame   0x000031dc       0x50 c:/program files (x86)/gnu tools arm embedded/5.2 2015q4/bin/../lib/gcc/arm-none-eabi/5.2.1/../../../../arm-none-eabi/lib/armv7e-m/softfp/fpv5-sp-d16\libg.a(lib_a-__call_atexit.o)
 .debug_frame   0x0000322c       0x20 c:/program files (x86)/gnu tools arm embedded/5.2 2015q4/bin/../lib/gcc/arm-none-eabi/5.2.1/../../../../arm-none-eabi/lib/armv7e-m/softfp/fpv5-sp-d16\libg.a(lib_a-atexit.o)
 .debug_frame   0x0000324c       0x34 c:/program files (x86)/gnu tools arm embedded/5.2 2015q4/bin/../lib/gcc/arm-none-eabi/5.2.1/../../../../arm-none-eabi/lib/armv7e-m/softfp/fpv5-sp-d16\libg.a(lib_a-fini.o)
 .debug_frame   0x00003280       0x74 c:/program files (x86)/gnu tools arm embedded/5.2 2015q4/bin/../lib/gcc/arm-none-eabi/5.2.1/../../../../arm-none-eabi/lib/armv7e-m/softfp/fpv5-sp-d16\libg.a(lib_a-freer.o)
 .debug_frame   0x000032f4       0x34 c:/program files (x86)/gnu tools arm embedded/5.2 2015q4/bin/../lib/gcc/arm-none-eabi/5.2.1/../../../../arm-none-eabi/lib/armv7e-m/softfp/fpv5-sp-d16\libg.a(lib_a-__atexit.o)
